[2022-04-19T13:16:07.542+0800][gc] Using G1
[2022-04-19T13:16:07.542+0800][gc,init] Version: 16.0.1+9 (release)
[2022-04-19T13:16:07.542+0800][gc,init] CPUs: 8 total, 8 available
[2022-04-19T13:16:07.543+0800][gc,init] Memory: 16384M
[2022-04-19T13:16:07.543+0800][gc,init] Large Page Support: Disabled
[2022-04-19T13:16:07.543+0800][gc,init] NUMA Support: Disabled
[2022-04-19T13:16:07.543+0800][gc,init] Compressed Oops: Enabled (Zero based)
[2022-04-19T13:16:07.543+0800][gc,init] Heap Region Size: 1M
[2022-04-19T13:16:07.543+0800][gc,init] Heap Min Capacity: 512M
[2022-04-19T13:16:07.543+0800][gc,init] Heap Initial Capacity: 512M
[2022-04-19T13:16:07.543+0800][gc,init] Heap Max Capacity: 512M
[2022-04-19T13:16:07.543+0800][gc,init] Pre-touch: Disabled
[2022-04-19T13:16:07.543+0800][gc,init] Parallel Workers: 8
[2022-04-19T13:16:07.543+0800][gc,init] Concurrent Workers: 2
[2022-04-19T13:16:07.543+0800][gc,init] Concurrent Refinement Workers: 8
[2022-04-19T13:16:07.543+0800][gc,init] Periodic GC: Disabled
[2022-04-19T13:16:07.543+0800][gc,metaspace] Compressed class space mapped at: 0x0000000300000000-0x0000000340000000, reserved size: 1073741824
[2022-04-19T13:16:07.543+0800][gc,metaspace] Narrow klass base: 0x0000000000000000, Narrow klass shift: 3, Narrow klass range: 0x340000000
[2022-04-19T13:16:07.981+0800][gc,start    ] GC(0) Pause Young (Normal) (G1 Evacuation Pause)
[2022-04-19T13:16:07.981+0800][gc,task     ] GC(0) Using 8 workers of 8 for evacuation
[2022-04-19T13:16:07.987+0800][gc,phases   ] GC(0)   Pre Evacuate Collection Set: 0.1ms
[2022-04-19T13:16:07.987+0800][gc,phases   ] GC(0)   Merge Heap Roots: 0.1ms
[2022-04-19T13:16:07.987+0800][gc,phases   ] GC(0)   Evacuate Collection Set: 5.1ms
[2022-04-19T13:16:07.987+0800][gc,phases   ] GC(0)   Post Evacuate Collection Set: 0.5ms
[2022-04-19T13:16:07.987+0800][gc,phases   ] GC(0)   Other: 0.4ms
[2022-04-19T13:16:07.987+0800][gc,heap     ] GC(0) Eden regions: 256->0(251)
[2022-04-19T13:16:07.987+0800][gc,heap     ] GC(0) Survivor regions: 0->5(32)
[2022-04-19T13:16:07.987+0800][gc,heap     ] GC(0) Old regions: 0->0
[2022-04-19T13:16:07.987+0800][gc,heap     ] GC(0) Archive regions: 0->0
[2022-04-19T13:16:07.987+0800][gc,heap     ] GC(0) Humongous regions: 0->0
[2022-04-19T13:16:07.987+0800][gc,metaspace] GC(0) Metaspace: 16313K(16640K)->16313K(16640K) NonClass: 14686K(14848K)->14686K(14848K) Class: 1627K(1792K)->1627K(1792K)
[2022-04-19T13:16:07.987+0800][gc          ] GC(0) Pause Young (Normal) (G1 Evacuation Pause) 256M->4M(512M) 6.211ms
[2022-04-19T13:16:07.987+0800][gc,cpu      ] GC(0) User=0.02s Sys=0.00s Real=0.00s
[2022-04-19T13:16:08.098+0800][gc,start    ] GC(1) Pause Young (Concurrent Start) (Metadata GC Threshold)
[2022-04-19T13:16:08.098+0800][gc,task     ] GC(1) Using 8 workers of 8 for evacuation
[2022-04-19T13:16:08.100+0800][gc,phases   ] GC(1)   Pre Evacuate Collection Set: 0.1ms
[2022-04-19T13:16:08.100+0800][gc,phases   ] GC(1)   Merge Heap Roots: 0.0ms
[2022-04-19T13:16:08.100+0800][gc,phases   ] GC(1)   Evacuate Collection Set: 2.0ms
[2022-04-19T13:16:08.100+0800][gc,phases   ] GC(1)   Post Evacuate Collection Set: 0.2ms
[2022-04-19T13:16:08.100+0800][gc,phases   ] GC(1)   Other: 0.2ms
[2022-04-19T13:16:08.100+0800][gc,heap     ] GC(1) Eden regions: 148->0(250)
[2022-04-19T13:16:08.100+0800][gc,heap     ] GC(1) Survivor regions: 5->6(32)
[2022-04-19T13:16:08.100+0800][gc,heap     ] GC(1) Old regions: 0->0
[2022-04-19T13:16:08.100+0800][gc,heap     ] GC(1) Archive regions: 0->0
[2022-04-19T13:16:08.100+0800][gc,heap     ] GC(1) Humongous regions: 0->0
[2022-04-19T13:16:08.100+0800][gc,metaspace] GC(1) Metaspace: 20964K(21248K)->20964K(21248K) NonClass: 18711K(18816K)->18711K(18816K) Class: 2253K(2432K)->2253K(2432K)
[2022-04-19T13:16:08.100+0800][gc          ] GC(1) Pause Young (Concurrent Start) (Metadata GC Threshold) 152M->5M(512M) 2.533ms
[2022-04-19T13:16:08.100+0800][gc,cpu      ] GC(1) User=0.01s Sys=0.01s Real=0.01s
[2022-04-19T13:16:08.100+0800][gc          ] GC(2) Concurrent Mark Cycle
[2022-04-19T13:16:08.100+0800][gc,marking  ] GC(2) Concurrent Clear Claimed Marks
[2022-04-19T13:16:08.100+0800][gc,marking  ] GC(2) Concurrent Clear Claimed Marks 0.024ms
[2022-04-19T13:16:08.100+0800][gc,marking  ] GC(2) Concurrent Scan Root Regions
[2022-04-19T13:16:08.101+0800][gc,marking  ] GC(2) Concurrent Scan Root Regions 1.086ms
[2022-04-19T13:16:08.102+0800][gc,marking  ] GC(2) Concurrent Mark
[2022-04-19T13:16:08.102+0800][gc,marking  ] GC(2) Concurrent Mark From Roots
[2022-04-19T13:16:08.102+0800][gc,task     ] GC(2) Using 2 workers of 2 for marking
[2022-04-19T13:16:08.102+0800][gc,marking  ] GC(2) Concurrent Mark From Roots 0.112ms
[2022-04-19T13:16:08.102+0800][gc,marking  ] GC(2) Concurrent Preclean
[2022-04-19T13:16:08.102+0800][gc,marking  ] GC(2) Concurrent Preclean 0.013ms
[2022-04-19T13:16:08.102+0800][gc,start    ] GC(2) Pause Remark
[2022-04-19T13:16:08.102+0800][gc          ] GC(2) Pause Remark 7M->7M(512M) 0.519ms
[2022-04-19T13:16:08.102+0800][gc,cpu      ] GC(2) User=0.00s Sys=0.00s Real=0.00s
[2022-04-19T13:16:08.102+0800][gc,marking  ] GC(2) Concurrent Mark 0.754ms
[2022-04-19T13:16:08.102+0800][gc,marking  ] GC(2) Concurrent Rebuild Remembered Sets
[2022-04-19T13:16:08.102+0800][gc,marking  ] GC(2) Concurrent Rebuild Remembered Sets 0.037ms
[2022-04-19T13:16:08.102+0800][gc,start    ] GC(2) Pause Cleanup
[2022-04-19T13:16:08.102+0800][gc          ] GC(2) Pause Cleanup 7M->7M(512M) 0.044ms
[2022-04-19T13:16:08.102+0800][gc,cpu      ] GC(2) User=0.00s Sys=0.00s Real=0.00s
[2022-04-19T13:16:08.102+0800][gc,marking  ] GC(2) Concurrent Cleanup for Next Mark
[2022-04-19T13:16:08.103+0800][gc,marking  ] GC(2) Concurrent Cleanup for Next Mark 0.823ms
[2022-04-19T13:16:08.103+0800][gc          ] GC(2) Concurrent Mark Cycle 2.970ms
[2022-04-19T13:16:08.270+0800][gc,start    ] GC(3) Pause Young (Normal) (G1 Evacuation Pause)
[2022-04-19T13:16:08.270+0800][gc,task     ] GC(3) Using 8 workers of 8 for evacuation
[2022-04-19T13:16:08.274+0800][gc,phases   ] GC(3)   Pre Evacuate Collection Set: 0.1ms
[2022-04-19T13:16:08.274+0800][gc,phases   ] GC(3)   Merge Heap Roots: 0.1ms
[2022-04-19T13:16:08.274+0800][gc,phases   ] GC(3)   Evacuate Collection Set: 3.1ms
[2022-04-19T13:16:08.274+0800][gc,phases   ] GC(3)   Post Evacuate Collection Set: 0.4ms
[2022-04-19T13:16:08.274+0800][gc,phases   ] GC(3)   Other: 0.1ms
[2022-04-19T13:16:08.274+0800][gc,heap     ] GC(3) Eden regions: 250->0(248)
[2022-04-19T13:16:08.274+0800][gc,heap     ] GC(3) Survivor regions: 6->8(32)
[2022-04-19T13:16:08.274+0800][gc,heap     ] GC(3) Old regions: 0->0
[2022-04-19T13:16:08.274+0800][gc,heap     ] GC(3) Archive regions: 0->0
[2022-04-19T13:16:08.274+0800][gc,heap     ] GC(3) Humongous regions: 0->0
[2022-04-19T13:16:08.274+0800][gc,metaspace] GC(3) Metaspace: 26409K(26816K)->26409K(26816K) NonClass: 23476K(23680K)->23476K(23680K) Class: 2933K(3136K)->2933K(3136K)
[2022-04-19T13:16:08.274+0800][gc          ] GC(3) Pause Young (Normal) (G1 Evacuation Pause) 255M->8M(512M) 3.748ms
[2022-04-19T13:16:08.274+0800][gc,cpu      ] GC(3) User=0.02s Sys=0.00s Real=0.00s
[2022-04-19T13:16:08.600+0800][gc,start    ] GC(4) Pause Young (Normal) (G1 Evacuation Pause)
[2022-04-19T13:16:08.600+0800][gc,task     ] GC(4) Using 8 workers of 8 for evacuation
[2022-04-19T13:16:08.605+0800][gc,phases   ] GC(4)   Pre Evacuate Collection Set: 0.0ms
[2022-04-19T13:16:08.605+0800][gc,phases   ] GC(4)   Merge Heap Roots: 0.0ms
[2022-04-19T13:16:08.605+0800][gc,phases   ] GC(4)   Evacuate Collection Set: 4.3ms
[2022-04-19T13:16:08.605+0800][gc,phases   ] GC(4)   Post Evacuate Collection Set: 0.4ms
[2022-04-19T13:16:08.605+0800][gc,phases   ] GC(4)   Other: 0.1ms
[2022-04-19T13:16:08.605+0800][gc,heap     ] GC(4) Eden regions: 248->0(244)
[2022-04-19T13:16:08.605+0800][gc,heap     ] GC(4) Survivor regions: 8->12(32)
[2022-04-19T13:16:08.605+0800][gc,heap     ] GC(4) Old regions: 0->0
[2022-04-19T13:16:08.605+0800][gc,heap     ] GC(4) Archive regions: 0->0
[2022-04-19T13:16:08.605+0800][gc,heap     ] GC(4) Humongous regions: 0->0
[2022-04-19T13:16:08.605+0800][gc,metaspace] GC(4) Metaspace: 30845K(31296K)->30845K(31296K) NonClass: 27414K(27648K)->27414K(27648K) Class: 3431K(3648K)->3431K(3648K)
[2022-04-19T13:16:08.605+0800][gc          ] GC(4) Pause Young (Normal) (G1 Evacuation Pause) 256M->11M(512M) 4.971ms
[2022-04-19T13:16:08.605+0800][gc,cpu      ] GC(4) User=0.03s Sys=0.00s Real=0.00s
[2022-04-19T13:16:08.745+0800][gc,start    ] GC(5) Pause Young (Normal) (G1 Evacuation Pause)
[2022-04-19T13:16:08.745+0800][gc,task     ] GC(5) Using 8 workers of 8 for evacuation
[2022-04-19T13:16:08.749+0800][gc,phases   ] GC(5)   Pre Evacuate Collection Set: 0.1ms
[2022-04-19T13:16:08.749+0800][gc,phases   ] GC(5)   Merge Heap Roots: 0.0ms
[2022-04-19T13:16:08.749+0800][gc,phases   ] GC(5)   Evacuate Collection Set: 3.6ms
[2022-04-19T13:16:08.749+0800][gc,phases   ] GC(5)   Post Evacuate Collection Set: 0.8ms
[2022-04-19T13:16:08.749+0800][gc,phases   ] GC(5)   Other: 0.1ms
[2022-04-19T13:16:08.749+0800][gc,heap     ] GC(5) Eden regions: 244->0(243)
[2022-04-19T13:16:08.749+0800][gc,heap     ] GC(5) Survivor regions: 12->13(32)
[2022-04-19T13:16:08.749+0800][gc,heap     ] GC(5) Old regions: 0->0
[2022-04-19T13:16:08.749+0800][gc,heap     ] GC(5) Archive regions: 0->0
[2022-04-19T13:16:08.749+0800][gc,heap     ] GC(5) Humongous regions: 0->0
[2022-04-19T13:16:08.749+0800][gc,metaspace] GC(5) Metaspace: 31770K(32192K)->31770K(32192K) NonClass: 28224K(28480K)->28224K(28480K) Class: 3546K(3712K)->3546K(3712K)
[2022-04-19T13:16:08.749+0800][gc          ] GC(5) Pause Young (Normal) (G1 Evacuation Pause) 255M->12M(512M) 4.668ms
[2022-04-19T13:16:08.749+0800][gc,cpu      ] GC(5) User=0.03s Sys=0.00s Real=0.00s
[2022-04-19T13:16:08.933+0800][gc,start    ] GC(6) Pause Young (Normal) (G1 Evacuation Pause)
[2022-04-19T13:16:08.933+0800][gc,task     ] GC(6) Using 8 workers of 8 for evacuation
[2022-04-19T13:16:08.939+0800][gc,phases   ] GC(6)   Pre Evacuate Collection Set: 0.1ms
[2022-04-19T13:16:08.939+0800][gc,phases   ] GC(6)   Merge Heap Roots: 0.1ms
[2022-04-19T13:16:08.939+0800][gc,phases   ] GC(6)   Evacuate Collection Set: 4.2ms
[2022-04-19T13:16:08.939+0800][gc,phases   ] GC(6)   Post Evacuate Collection Set: 0.6ms
[2022-04-19T13:16:08.939+0800][gc,phases   ] GC(6)   Other: 0.1ms
[2022-04-19T13:16:08.939+0800][gc,heap     ] GC(6) Eden regions: 243->0(241)
[2022-04-19T13:16:08.939+0800][gc,heap     ] GC(6) Survivor regions: 13->15(32)
[2022-04-19T13:16:08.939+0800][gc,heap     ] GC(6) Old regions: 0->0
[2022-04-19T13:16:08.939+0800][gc,heap     ] GC(6) Archive regions: 0->0
[2022-04-19T13:16:08.939+0800][gc,heap     ] GC(6) Humongous regions: 0->0
[2022-04-19T13:16:08.939+0800][gc,metaspace] GC(6) Metaspace: 32560K(33024K)->32560K(33024K) NonClass: 28906K(29184K)->28906K(29184K) Class: 3654K(3840K)->3654K(3840K)
[2022-04-19T13:16:08.939+0800][gc          ] GC(6) Pause Young (Normal) (G1 Evacuation Pause) 255M->14M(512M) 5.150ms
[2022-04-19T13:16:08.939+0800][gc,cpu      ] GC(6) User=0.03s Sys=0.00s Real=0.00s
[2022-04-19T13:16:09.145+0800][gc,start    ] GC(7) Pause Young (Concurrent Start) (Metadata GC Threshold)
[2022-04-19T13:16:09.145+0800][gc,task     ] GC(7) Using 8 workers of 8 for evacuation
[2022-04-19T13:16:09.150+0800][gc,phases   ] GC(7)   Pre Evacuate Collection Set: 0.1ms
[2022-04-19T13:16:09.150+0800][gc,phases   ] GC(7)   Merge Heap Roots: 0.0ms
[2022-04-19T13:16:09.150+0800][gc,phases   ] GC(7)   Evacuate Collection Set: 4.9ms
[2022-04-19T13:16:09.150+0800][gc,phases   ] GC(7)   Post Evacuate Collection Set: 0.5ms
[2022-04-19T13:16:09.150+0800][gc,phases   ] GC(7)   Other: 0.1ms
[2022-04-19T13:16:09.150+0800][gc,heap     ] GC(7) Eden regions: 149->0(240)
[2022-04-19T13:16:09.150+0800][gc,heap     ] GC(7) Survivor regions: 15->16(32)
[2022-04-19T13:16:09.150+0800][gc,heap     ] GC(7) Old regions: 0->0
[2022-04-19T13:16:09.150+0800][gc,heap     ] GC(7) Archive regions: 0->0
[2022-04-19T13:16:09.150+0800][gc,heap     ] GC(7) Humongous regions: 0->0
[2022-04-19T13:16:09.150+0800][gc,metaspace] GC(7) Metaspace: 35149K(35520K)->35149K(35520K) NonClass: 31113K(31296K)->31113K(31296K) Class: 4035K(4224K)->4035K(4224K)
[2022-04-19T13:16:09.150+0800][gc          ] GC(7) Pause Young (Concurrent Start) (Metadata GC Threshold) 162M->16M(512M) 5.624ms
[2022-04-19T13:16:09.150+0800][gc,cpu      ] GC(7) User=0.04s Sys=0.00s Real=0.01s
[2022-04-19T13:16:09.150+0800][gc          ] GC(8) Concurrent Mark Cycle
[2022-04-19T13:16:09.150+0800][gc,marking  ] GC(8) Concurrent Clear Claimed Marks
[2022-04-19T13:16:09.150+0800][gc,marking  ] GC(8) Concurrent Clear Claimed Marks 0.028ms
[2022-04-19T13:16:09.150+0800][gc,marking  ] GC(8) Concurrent Scan Root Regions
[2022-04-19T13:16:09.154+0800][gc,marking  ] GC(8) Concurrent Scan Root Regions 3.392ms
[2022-04-19T13:16:09.154+0800][gc,marking  ] GC(8) Concurrent Mark
[2022-04-19T13:16:09.154+0800][gc,marking  ] GC(8) Concurrent Mark From Roots
[2022-04-19T13:16:09.154+0800][gc,task     ] GC(8) Using 2 workers of 2 for marking
[2022-04-19T13:16:09.154+0800][gc,marking  ] GC(8) Concurrent Mark From Roots 0.036ms
[2022-04-19T13:16:09.154+0800][gc,marking  ] GC(8) Concurrent Preclean
[2022-04-19T13:16:09.154+0800][gc,marking  ] GC(8) Concurrent Preclean 0.013ms
[2022-04-19T13:16:09.154+0800][gc,start    ] GC(8) Pause Remark
[2022-04-19T13:16:09.155+0800][gc          ] GC(8) Pause Remark 17M->17M(512M) 1.072ms
[2022-04-19T13:16:09.155+0800][gc,cpu      ] GC(8) User=0.01s Sys=0.00s Real=0.00s
[2022-04-19T13:16:09.155+0800][gc,marking  ] GC(8) Concurrent Mark 1.573ms
[2022-04-19T13:16:09.155+0800][gc,marking  ] GC(8) Concurrent Rebuild Remembered Sets
[2022-04-19T13:16:09.155+0800][gc,marking  ] GC(8) Concurrent Rebuild Remembered Sets 0.111ms
[2022-04-19T13:16:09.156+0800][gc,start    ] GC(8) Pause Cleanup
[2022-04-19T13:16:09.156+0800][gc          ] GC(8) Pause Cleanup 17M->17M(512M) 0.069ms
[2022-04-19T13:16:09.156+0800][gc,cpu      ] GC(8) User=0.00s Sys=0.00s Real=0.00s
[2022-04-19T13:16:09.156+0800][gc,marking  ] GC(8) Concurrent Cleanup for Next Mark
[2022-04-19T13:16:09.156+0800][gc,marking  ] GC(8) Concurrent Cleanup for Next Mark 0.714ms
[2022-04-19T13:16:09.156+0800][gc          ] GC(8) Concurrent Mark Cycle 6.263ms
[2022-04-19T13:16:09.578+0800][gc,start    ] GC(9) Pause Young (Normal) (G1 Evacuation Pause)
[2022-04-19T13:16:09.578+0800][gc,task     ] GC(9) Using 8 workers of 8 for evacuation
[2022-04-19T13:16:09.585+0800][gc,phases   ] GC(9)   Pre Evacuate Collection Set: 0.1ms
[2022-04-19T13:16:09.585+0800][gc,phases   ] GC(9)   Merge Heap Roots: 0.0ms
[2022-04-19T13:16:09.585+0800][gc,phases   ] GC(9)   Evacuate Collection Set: 6.3ms
[2022-04-19T13:16:09.585+0800][gc,phases   ] GC(9)   Post Evacuate Collection Set: 0.8ms
[2022-04-19T13:16:09.585+0800][gc,phases   ] GC(9)   Other: 0.1ms
[2022-04-19T13:16:09.585+0800][gc,heap     ] GC(9) Eden regions: 240->0(234)
[2022-04-19T13:16:09.585+0800][gc,heap     ] GC(9) Survivor regions: 16->22(32)
[2022-04-19T13:16:09.585+0800][gc,heap     ] GC(9) Old regions: 0->0
[2022-04-19T13:16:09.585+0800][gc,heap     ] GC(9) Archive regions: 0->0
[2022-04-19T13:16:09.585+0800][gc,heap     ] GC(9) Humongous regions: 0->0
[2022-04-19T13:16:09.585+0800][gc,metaspace] GC(9) Metaspace: 41836K(42240K)->41836K(42240K) NonClass: 36995K(37184K)->36995K(37184K) Class: 4840K(5056K)->4840K(5056K)
[2022-04-19T13:16:09.585+0800][gc          ] GC(9) Pause Young (Normal) (G1 Evacuation Pause) 256M->21M(512M) 7.357ms
[2022-04-19T13:16:09.585+0800][gc,cpu      ] GC(9) User=0.04s Sys=0.00s Real=0.01s
[2022-04-19T13:16:18.214+0800][gc,start    ] GC(10) Pause Young (Normal) (G1 Evacuation Pause)
[2022-04-19T13:16:18.214+0800][gc,task     ] GC(10) Using 8 workers of 8 for evacuation
[2022-04-19T13:16:18.223+0800][gc,phases   ] GC(10)   Pre Evacuate Collection Set: 0.0ms
[2022-04-19T13:16:18.223+0800][gc,phases   ] GC(10)   Merge Heap Roots: 0.0ms
[2022-04-19T13:16:18.223+0800][gc,phases   ] GC(10)   Evacuate Collection Set: 7.9ms
[2022-04-19T13:16:18.223+0800][gc,phases   ] GC(10)   Post Evacuate Collection Set: 0.7ms
[2022-04-19T13:16:18.223+0800][gc,phases   ] GC(10)   Other: 0.3ms
[2022-04-19T13:16:18.223+0800][gc,heap     ] GC(10) Eden regions: 234->0(233)
[2022-04-19T13:16:18.223+0800][gc,heap     ] GC(10) Survivor regions: 22->23(32)
[2022-04-19T13:16:18.223+0800][gc,heap     ] GC(10) Old regions: 0->5
[2022-04-19T13:16:18.223+0800][gc,heap     ] GC(10) Archive regions: 0->0
[2022-04-19T13:16:18.223+0800][gc,heap     ] GC(10) Humongous regions: 0->0
[2022-04-19T13:16:18.223+0800][gc,metaspace] GC(10) Metaspace: 50497K(51008K)->50497K(51008K) NonClass: 44771K(45056K)->44771K(45056K) Class: 5726K(5952K)->5726K(5952K)
[2022-04-19T13:16:18.223+0800][gc          ] GC(10) Pause Young (Normal) (G1 Evacuation Pause) 255M->27M(512M) 9.083ms
[2022-04-19T13:16:18.223+0800][gc,cpu      ] GC(10) User=0.06s Sys=0.01s Real=0.01s
[2022-04-19T13:43:40.203+0800][gc,start    ] GC(11) Pause Young (Normal) (G1 Evacuation Pause)
[2022-04-19T13:43:40.203+0800][gc,task     ] GC(11) Using 8 workers of 8 for evacuation
[2022-04-19T13:43:40.276+0800][gc,phases   ] GC(11)   Pre Evacuate Collection Set: 0.9ms
[2022-04-19T13:43:40.276+0800][gc,phases   ] GC(11)   Merge Heap Roots: 0.3ms
[2022-04-19T13:43:40.276+0800][gc,phases   ] GC(11)   Evacuate Collection Set: 68.4ms
[2022-04-19T13:43:40.276+0800][gc,phases   ] GC(11)   Post Evacuate Collection Set: 2.3ms
[2022-04-19T13:43:40.276+0800][gc,phases   ] GC(11)   Other: 0.9ms
[2022-04-19T13:43:40.276+0800][gc,heap     ] GC(11) Eden regions: 233->0(236)
[2022-04-19T13:43:40.276+0800][gc,heap     ] GC(11) Survivor regions: 23->20(32)
[2022-04-19T13:43:40.276+0800][gc,heap     ] GC(11) Old regions: 5->11
[2022-04-19T13:43:40.276+0800][gc,heap     ] GC(11) Archive regions: 0->0
[2022-04-19T13:43:40.276+0800][gc,heap     ] GC(11) Humongous regions: 0->0
[2022-04-19T13:43:40.276+0800][gc,metaspace] GC(11) Metaspace: 58481K(58944K)->58481K(58944K) NonClass: 51908K(52160K)->51908K(52160K) Class: 6573K(6784K)->6573K(6784K)
[2022-04-19T13:43:40.276+0800][gc          ] GC(11) Pause Young (Normal) (G1 Evacuation Pause) 260M->30M(512M) 73.064ms
[2022-04-19T13:43:40.276+0800][gc,cpu      ] GC(11) User=0.07s Sys=0.10s Real=0.07s
[2022-04-19T13:48:56.704+0800][gc,heap,exit] Heap
[2022-04-19T13:48:56.705+0800][gc,heap,exit]  garbage-first heap   total 524288K, used 50844K [0x00000007a0000000, 0x00000007c0000000)
[2022-04-19T13:48:56.705+0800][gc,heap,exit]   region size 1024K, 40 young (40960K), 20 survivors (20480K)
[2022-04-19T13:48:56.706+0800][gc,heap,exit]  Metaspace       used 58578K, committed 59008K, reserved 1105920K
[2022-04-19T13:48:56.706+0800][gc,heap,exit]   class space    used 6574K, committed 6784K, reserved 1048576K
