[2022-04-19T14:09:04.394+0800][gc] Using G1
[2022-04-19T14:09:04.397+0800][gc,init] Version: 16.0.1+9 (release)
[2022-04-19T14:09:04.397+0800][gc,init] CPUs: 8 total, 8 available
[2022-04-19T14:09:04.397+0800][gc,init] Memory: 16384M
[2022-04-19T14:09:04.397+0800][gc,init] Large Page Support: Disabled
[2022-04-19T14:09:04.397+0800][gc,init] NUMA Support: Disabled
[2022-04-19T14:09:04.397+0800][gc,init] Compressed Oops: Enabled (Zero based)
[2022-04-19T14:09:04.397+0800][gc,init] Heap Region Size: 1M
[2022-04-19T14:09:04.397+0800][gc,init] Heap Min Capacity: 2G
[2022-04-19T14:09:04.397+0800][gc,init] Heap Initial Capacity: 2G
[2022-04-19T14:09:04.397+0800][gc,init] Heap Max Capacity: 2G
[2022-04-19T14:09:04.397+0800][gc,init] Pre-touch: Disabled
[2022-04-19T14:09:04.397+0800][gc,init] Parallel Workers: 8
[2022-04-19T14:09:04.397+0800][gc,init] Concurrent Workers: 2
[2022-04-19T14:09:04.397+0800][gc,init] Concurrent Refinement Workers: 8
[2022-04-19T14:09:04.397+0800][gc,init] Periodic GC: Disabled
[2022-04-19T14:09:04.398+0800][gc,metaspace] Compressed class space mapped at: 0x0000000300000000-0x0000000310000000, reserved size: 268435456
[2022-04-19T14:09:04.398+0800][gc,metaspace] Narrow klass base: 0x0000000000000000, Narrow klass shift: 3, Narrow klass range: 0x310000000
[2022-04-19T14:09:06.768+0800][gc,start    ] GC(0) Pause Young (Normal) (G1 Evacuation Pause)
[2022-04-19T14:09:06.768+0800][gc,task     ] GC(0) Using 8 workers of 8 for evacuation
[2022-04-19T14:09:06.779+0800][gc,phases   ] GC(0)   Pre Evacuate Collection Set: 0.2ms
[2022-04-19T14:09:06.780+0800][gc,phases   ] GC(0)   Merge Heap Roots: 0.2ms
[2022-04-19T14:09:06.780+0800][gc,phases   ] GC(0)   Evacuate Collection Set: 8.2ms
[2022-04-19T14:09:06.780+0800][gc,phases   ] GC(0)   Post Evacuate Collection Set: 2.0ms
[2022-04-19T14:09:06.780+0800][gc,phases   ] GC(0)   Other: 0.8ms
[2022-04-19T14:09:06.780+0800][gc,heap     ] GC(0) Eden regions: 1024->0(1011)
[2022-04-19T14:09:06.780+0800][gc,heap     ] GC(0) Survivor regions: 0->13(128)
[2022-04-19T14:09:06.780+0800][gc,heap     ] GC(0) Old regions: 0->0
[2022-04-19T14:09:06.780+0800][gc,heap     ] GC(0) Archive regions: 0->0
[2022-04-19T14:09:06.780+0800][gc,heap     ] GC(0) Humongous regions: 0->0
[2022-04-19T14:09:06.780+0800][gc,metaspace] GC(0) Metaspace: 31859K(32320K)->31859K(32320K) NonClass: 28314K(28544K)->28314K(28544K) Class: 3544K(3776K)->3544K(3776K)
[2022-04-19T14:09:06.780+0800][gc          ] GC(0) Pause Young (Normal) (G1 Evacuation Pause) 1024M->12M(2048M) 11.739ms
[2022-04-19T14:09:06.780+0800][gc,cpu      ] GC(0) User=0.05s Sys=0.01s Real=0.02s
[2022-04-19T14:09:09.815+0800][gc,start    ] GC(1) Pause Young (Normal) (G1 Evacuation Pause)
[2022-04-19T14:09:09.815+0800][gc,task     ] GC(1) Using 8 workers of 8 for evacuation
[2022-04-19T14:09:09.836+0800][gc,phases   ] GC(1)   Pre Evacuate Collection Set: 0.2ms
[2022-04-19T14:09:09.836+0800][gc,phases   ] GC(1)   Merge Heap Roots: 0.1ms
[2022-04-19T14:09:09.836+0800][gc,phases   ] GC(1)   Evacuate Collection Set: 18.3ms
[2022-04-19T14:09:09.836+0800][gc,phases   ] GC(1)   Post Evacuate Collection Set: 2.1ms
[2022-04-19T14:09:09.836+0800][gc,phases   ] GC(1)   Other: 0.2ms
[2022-04-19T14:09:09.836+0800][gc,heap     ] GC(1) Eden regions: 1011->0(992)
[2022-04-19T14:09:09.836+0800][gc,heap     ] GC(1) Survivor regions: 13->32(128)
[2022-04-19T14:09:09.836+0800][gc,heap     ] GC(1) Old regions: 0->0
[2022-04-19T14:09:09.836+0800][gc,heap     ] GC(1) Archive regions: 0->0
[2022-04-19T14:09:09.836+0800][gc,heap     ] GC(1) Humongous regions: 0->0
[2022-04-19T14:09:09.836+0800][gc,metaspace] GC(1) Metaspace: 59656K(60160K)->59656K(60160K) NonClass: 52825K(53056K)->52825K(53056K) Class: 6830K(7104K)->6830K(7104K)
[2022-04-19T14:09:09.836+0800][gc          ] GC(1) Pause Young (Normal) (G1 Evacuation Pause) 1023M->32M(2048M) 20.954ms
[2022-04-19T14:09:09.836+0800][gc,cpu      ] GC(1) User=0.10s Sys=0.01s Real=0.02s
[2022-04-19T14:15:12.800+0800][gc,heap,exit] Heap
[2022-04-19T14:15:12.800+0800][gc,heap,exit]  garbage-first heap   total 2097152K, used 644096K [0x0000000770000000, 0x00000007f0000000)
[2022-04-19T14:15:12.800+0800][gc,heap,exit]   region size 1024K, 623 young (637952K), 32 survivors (32768K)
[2022-04-19T14:15:12.800+0800][gc,heap,exit]  Metaspace       used 73970K, committed 74560K, reserved 335872K
[2022-04-19T14:15:12.800+0800][gc,heap,exit]   class space    used 8423K, committed 8704K, reserved 262144K
