[2022-04-19T13:46:15.738+0800][gc] Using G1
[2022-04-19T13:46:15.739+0800][gc,init] Version: 16.0.1+9 (release)
[2022-04-19T13:46:15.739+0800][gc,init] CPUs: 8 total, 8 available
[2022-04-19T13:46:15.739+0800][gc,init] Memory: 16384M
[2022-04-19T13:46:15.739+0800][gc,init] Large Page Support: Disabled
[2022-04-19T13:46:15.739+0800][gc,init] NUMA Support: Disabled
[2022-04-19T13:46:15.739+0800][gc,init] Compressed Oops: Enabled (Zero based)
[2022-04-19T13:46:15.739+0800][gc,init] Heap Region Size: 1M
[2022-04-19T13:46:15.739+0800][gc,init] Heap Min Capacity: 512M
[2022-04-19T13:46:15.739+0800][gc,init] Heap Initial Capacity: 512M
[2022-04-19T13:46:15.739+0800][gc,init] Heap Max Capacity: 512M
[2022-04-19T13:46:15.739+0800][gc,init] Pre-touch: Disabled
[2022-04-19T13:46:15.739+0800][gc,init] Parallel Workers: 8
[2022-04-19T13:46:15.739+0800][gc,init] Concurrent Workers: 2
[2022-04-19T13:46:15.739+0800][gc,init] Concurrent Refinement Workers: 8
[2022-04-19T13:46:15.739+0800][gc,init] Periodic GC: Disabled
[2022-04-19T13:46:15.739+0800][gc,metaspace] Compressed class space mapped at: 0x0000000300000000-0x0000000340000000, reserved size: 1073741824
[2022-04-19T13:46:15.739+0800][gc,metaspace] Narrow klass base: 0x0000000000000000, Narrow klass shift: 3, Narrow klass range: 0x340000000
[2022-04-19T13:46:16.220+0800][gc,start    ] GC(0) Pause Young (Normal) (G1 Evacuation Pause)
[2022-04-19T13:46:16.220+0800][gc,task     ] GC(0) Using 8 workers of 8 for evacuation
[2022-04-19T13:46:16.224+0800][gc,phases   ] GC(0)   Pre Evacuate Collection Set: 0.1ms
[2022-04-19T13:46:16.224+0800][gc,phases   ] GC(0)   Merge Heap Roots: 0.1ms
[2022-04-19T13:46:16.224+0800][gc,phases   ] GC(0)   Evacuate Collection Set: 2.7ms
[2022-04-19T13:46:16.224+0800][gc,phases   ] GC(0)   Post Evacuate Collection Set: 0.7ms
[2022-04-19T13:46:16.224+0800][gc,phases   ] GC(0)   Other: 0.3ms
[2022-04-19T13:46:16.224+0800][gc,heap     ] GC(0) Eden regions: 256->0(251)
[2022-04-19T13:46:16.224+0800][gc,heap     ] GC(0) Survivor regions: 0->5(32)
[2022-04-19T13:46:16.224+0800][gc,heap     ] GC(0) Old regions: 0->0
[2022-04-19T13:46:16.224+0800][gc,heap     ] GC(0) Archive regions: 0->0
[2022-04-19T13:46:16.224+0800][gc,heap     ] GC(0) Humongous regions: 0->0
[2022-04-19T13:46:16.224+0800][gc,metaspace] GC(0) Metaspace: 16172K(16448K)->16172K(16448K) NonClass: 14565K(14720K)->14565K(14720K) Class: 1606K(1728K)->1606K(1728K)
[2022-04-19T13:46:16.224+0800][gc          ] GC(0) Pause Young (Normal) (G1 Evacuation Pause) 256M->4M(512M) 4.016ms
[2022-04-19T13:46:16.224+0800][gc,cpu      ] GC(0) User=0.02s Sys=0.00s Real=0.00s
[2022-04-19T13:46:16.348+0800][gc,start    ] GC(1) Pause Young (Concurrent Start) (GCLocker Initiated GC)
[2022-04-19T13:46:16.348+0800][gc,task     ] GC(1) Using 8 workers of 8 for evacuation
[2022-04-19T13:46:16.351+0800][gc,phases   ] GC(1)   Pre Evacuate Collection Set: 0.1ms
[2022-04-19T13:46:16.351+0800][gc,phases   ] GC(1)   Merge Heap Roots: 0.0ms
[2022-04-19T13:46:16.351+0800][gc,phases   ] GC(1)   Evacuate Collection Set: 2.3ms
[2022-04-19T13:46:16.351+0800][gc,phases   ] GC(1)   Post Evacuate Collection Set: 0.3ms
[2022-04-19T13:46:16.351+0800][gc,phases   ] GC(1)   Other: 0.2ms
[2022-04-19T13:46:16.351+0800][gc,heap     ] GC(1) Eden regions: 158->0(249)
[2022-04-19T13:46:16.351+0800][gc,heap     ] GC(1) Survivor regions: 5->7(32)
[2022-04-19T13:46:16.351+0800][gc,heap     ] GC(1) Old regions: 0->0
[2022-04-19T13:46:16.351+0800][gc,heap     ] GC(1) Archive regions: 0->0
[2022-04-19T13:46:16.351+0800][gc,heap     ] GC(1) Humongous regions: 0->0
[2022-04-19T13:46:16.351+0800][gc,metaspace] GC(1) Metaspace: 21002K(21312K)->21002K(21312K) NonClass: 18756K(18944K)->18756K(18944K) Class: 2245K(2368K)->2245K(2368K)
[2022-04-19T13:46:16.351+0800][gc          ] GC(1) Pause Young (Concurrent Start) (GCLocker Initiated GC) 162M->6M(512M) 2.956ms
[2022-04-19T13:46:16.351+0800][gc,cpu      ] GC(1) User=0.02s Sys=0.00s Real=0.01s
[2022-04-19T13:46:16.351+0800][gc          ] GC(2) Concurrent Mark Cycle
[2022-04-19T13:46:16.351+0800][gc,marking  ] GC(2) Concurrent Clear Claimed Marks
[2022-04-19T13:46:16.351+0800][gc,marking  ] GC(2) Concurrent Clear Claimed Marks 0.028ms
[2022-04-19T13:46:16.351+0800][gc,marking  ] GC(2) Concurrent Scan Root Regions
[2022-04-19T13:46:16.352+0800][gc,marking  ] GC(2) Concurrent Scan Root Regions 1.249ms
[2022-04-19T13:46:16.352+0800][gc,marking  ] GC(2) Concurrent Mark
[2022-04-19T13:46:16.352+0800][gc,marking  ] GC(2) Concurrent Mark From Roots
[2022-04-19T13:46:16.352+0800][gc,task     ] GC(2) Using 2 workers of 2 for marking
[2022-04-19T13:46:16.352+0800][gc,marking  ] GC(2) Concurrent Mark From Roots 0.152ms
[2022-04-19T13:46:16.352+0800][gc,marking  ] GC(2) Concurrent Preclean
[2022-04-19T13:46:16.352+0800][gc,marking  ] GC(2) Concurrent Preclean 0.033ms
[2022-04-19T13:46:16.353+0800][gc,start    ] GC(2) Pause Remark
[2022-04-19T13:46:16.354+0800][gc          ] GC(2) Pause Remark 8M->8M(512M) 0.970ms
[2022-04-19T13:46:16.354+0800][gc,cpu      ] GC(2) User=0.01s Sys=0.00s Real=0.00s
[2022-04-19T13:46:16.354+0800][gc,marking  ] GC(2) Concurrent Mark 1.484ms
[2022-04-19T13:46:16.354+0800][gc,marking  ] GC(2) Concurrent Rebuild Remembered Sets
[2022-04-19T13:46:16.354+0800][gc,marking  ] GC(2) Concurrent Rebuild Remembered Sets 0.074ms
[2022-04-19T13:46:16.354+0800][gc,start    ] GC(2) Pause Cleanup
[2022-04-19T13:46:16.354+0800][gc          ] GC(2) Pause Cleanup 8M->8M(512M) 0.059ms
[2022-04-19T13:46:16.354+0800][gc,cpu      ] GC(2) User=0.00s Sys=0.00s Real=0.00s
[2022-04-19T13:46:16.354+0800][gc,marking  ] GC(2) Concurrent Cleanup for Next Mark
[2022-04-19T13:46:16.355+0800][gc,marking  ] GC(2) Concurrent Cleanup for Next Mark 1.185ms
[2022-04-19T13:46:16.355+0800][gc          ] GC(2) Concurrent Mark Cycle 4.507ms
[2022-04-19T13:46:16.540+0800][gc,start    ] GC(3) Pause Young (Normal) (G1 Evacuation Pause)
[2022-04-19T13:46:16.540+0800][gc,task     ] GC(3) Using 8 workers of 8 for evacuation
[2022-04-19T13:46:16.544+0800][gc,phases   ] GC(3)   Pre Evacuate Collection Set: 0.1ms
[2022-04-19T13:46:16.544+0800][gc,phases   ] GC(3)   Merge Heap Roots: 0.0ms
[2022-04-19T13:46:16.544+0800][gc,phases   ] GC(3)   Evacuate Collection Set: 3.2ms
[2022-04-19T13:46:16.544+0800][gc,phases   ] GC(3)   Post Evacuate Collection Set: 0.4ms
[2022-04-19T13:46:16.544+0800][gc,phases   ] GC(3)   Other: 0.1ms
[2022-04-19T13:46:16.544+0800][gc,heap     ] GC(3) Eden regions: 249->0(248)
[2022-04-19T13:46:16.544+0800][gc,heap     ] GC(3) Survivor regions: 7->8(32)
[2022-04-19T13:46:16.544+0800][gc,heap     ] GC(3) Old regions: 0->0
[2022-04-19T13:46:16.544+0800][gc,heap     ] GC(3) Archive regions: 0->0
[2022-04-19T13:46:16.544+0800][gc,heap     ] GC(3) Humongous regions: 0->0
[2022-04-19T13:46:16.544+0800][gc,metaspace] GC(3) Metaspace: 26253K(26624K)->26253K(26624K) NonClass: 23343K(23488K)->23343K(23488K) Class: 2910K(3136K)->2910K(3136K)
[2022-04-19T13:46:16.544+0800][gc          ] GC(3) Pause Young (Normal) (G1 Evacuation Pause) 255M->7M(512M) 3.908ms
[2022-04-19T13:46:16.544+0800][gc,cpu      ] GC(3) User=0.02s Sys=0.00s Real=0.00s
[2022-04-19T13:46:16.870+0800][gc,start    ] GC(4) Pause Young (Normal) (G1 Evacuation Pause)
[2022-04-19T13:46:16.870+0800][gc,task     ] GC(4) Using 8 workers of 8 for evacuation
[2022-04-19T13:46:16.877+0800][gc,phases   ] GC(4)   Pre Evacuate Collection Set: 0.1ms
[2022-04-19T13:46:16.877+0800][gc,phases   ] GC(4)   Merge Heap Roots: 0.0ms
[2022-04-19T13:46:16.877+0800][gc,phases   ] GC(4)   Evacuate Collection Set: 6.3ms
[2022-04-19T13:46:16.877+0800][gc,phases   ] GC(4)   Post Evacuate Collection Set: 0.6ms
[2022-04-19T13:46:16.877+0800][gc,phases   ] GC(4)   Other: 0.1ms
[2022-04-19T13:46:16.877+0800][gc,heap     ] GC(4) Eden regions: 248->0(244)
[2022-04-19T13:46:16.877+0800][gc,heap     ] GC(4) Survivor regions: 8->12(32)
[2022-04-19T13:46:16.877+0800][gc,heap     ] GC(4) Old regions: 0->0
[2022-04-19T13:46:16.877+0800][gc,heap     ] GC(4) Archive regions: 0->0
[2022-04-19T13:46:16.877+0800][gc,heap     ] GC(4) Humongous regions: 0->0
[2022-04-19T13:46:16.877+0800][gc,metaspace] GC(4) Metaspace: 30789K(31168K)->30789K(31168K) NonClass: 27365K(27584K)->27365K(27584K) Class: 3424K(3584K)->3424K(3584K)
[2022-04-19T13:46:16.877+0800][gc          ] GC(4) Pause Young (Normal) (G1 Evacuation Pause) 255M->11M(512M) 7.197ms
[2022-04-19T13:46:16.877+0800][gc,cpu      ] GC(4) User=0.02s Sys=0.00s Real=0.00s
[2022-04-19T13:46:17.060+0800][gc,start    ] GC(5) Pause Young (Normal) (G1 Evacuation Pause)
[2022-04-19T13:46:17.060+0800][gc,task     ] GC(5) Using 8 workers of 8 for evacuation
[2022-04-19T13:46:17.066+0800][gc,phases   ] GC(5)   Pre Evacuate Collection Set: 0.1ms
[2022-04-19T13:46:17.066+0800][gc,phases   ] GC(5)   Merge Heap Roots: 0.1ms
[2022-04-19T13:46:17.066+0800][gc,phases   ] GC(5)   Evacuate Collection Set: 4.4ms
[2022-04-19T13:46:17.066+0800][gc,phases   ] GC(5)   Post Evacuate Collection Set: 0.6ms
[2022-04-19T13:46:17.066+0800][gc,phases   ] GC(5)   Other: 0.1ms
[2022-04-19T13:46:17.066+0800][gc,heap     ] GC(5) Eden regions: 244->0(243)
[2022-04-19T13:46:17.066+0800][gc,heap     ] GC(5) Survivor regions: 12->13(32)
[2022-04-19T13:46:17.066+0800][gc,heap     ] GC(5) Old regions: 0->0
[2022-04-19T13:46:17.066+0800][gc,heap     ] GC(5) Archive regions: 0->0
[2022-04-19T13:46:17.066+0800][gc,heap     ] GC(5) Humongous regions: 0->0
[2022-04-19T13:46:17.066+0800][gc,metaspace] GC(5) Metaspace: 31794K(32192K)->31794K(32192K) NonClass: 28249K(28480K)->28249K(28480K) Class: 3545K(3712K)->3545K(3712K)
[2022-04-19T13:46:17.066+0800][gc          ] GC(5) Pause Young (Normal) (G1 Evacuation Pause) 255M->12M(512M) 5.422ms
[2022-04-19T13:46:17.066+0800][gc,cpu      ] GC(5) User=0.03s Sys=0.00s Real=0.00s
[2022-04-19T13:46:17.225+0800][gc,start    ] GC(6) Pause Young (Normal) (G1 Evacuation Pause)
[2022-04-19T13:46:17.225+0800][gc,task     ] GC(6) Using 8 workers of 8 for evacuation
[2022-04-19T13:46:17.230+0800][gc,phases   ] GC(6)   Pre Evacuate Collection Set: 0.1ms
[2022-04-19T13:46:17.230+0800][gc,phases   ] GC(6)   Merge Heap Roots: 0.0ms
[2022-04-19T13:46:17.230+0800][gc,phases   ] GC(6)   Evacuate Collection Set: 3.8ms
[2022-04-19T13:46:17.230+0800][gc,phases   ] GC(6)   Post Evacuate Collection Set: 0.7ms
[2022-04-19T13:46:17.230+0800][gc,phases   ] GC(6)   Other: 0.1ms
[2022-04-19T13:46:17.230+0800][gc,heap     ] GC(6) Eden regions: 243->0(241)
[2022-04-19T13:46:17.230+0800][gc,heap     ] GC(6) Survivor regions: 13->15(32)
[2022-04-19T13:46:17.230+0800][gc,heap     ] GC(6) Old regions: 0->0
[2022-04-19T13:46:17.230+0800][gc,heap     ] GC(6) Archive regions: 0->0
[2022-04-19T13:46:17.230+0800][gc,heap     ] GC(6) Humongous regions: 0->0
[2022-04-19T13:46:17.230+0800][gc,metaspace] GC(6) Metaspace: 32316K(32768K)->32316K(32768K) NonClass: 28703K(28992K)->28703K(28992K) Class: 3612K(3776K)->3612K(3776K)
[2022-04-19T13:46:17.230+0800][gc          ] GC(6) Pause Young (Normal) (G1 Evacuation Pause) 255M->14M(512M) 4.747ms
[2022-04-19T13:46:17.230+0800][gc,cpu      ] GC(6) User=0.03s Sys=0.00s Real=0.01s
[2022-04-19T13:46:17.483+0800][gc,start    ] GC(7) Pause Young (Concurrent Start) (Metadata GC Threshold)
[2022-04-19T13:46:17.483+0800][gc,task     ] GC(7) Using 8 workers of 8 for evacuation
[2022-04-19T13:46:17.488+0800][gc,phases   ] GC(7)   Pre Evacuate Collection Set: 0.1ms
[2022-04-19T13:46:17.488+0800][gc,phases   ] GC(7)   Merge Heap Roots: 0.0ms
[2022-04-19T13:46:17.488+0800][gc,phases   ] GC(7)   Evacuate Collection Set: 4.6ms
[2022-04-19T13:46:17.488+0800][gc,phases   ] GC(7)   Post Evacuate Collection Set: 0.5ms
[2022-04-19T13:46:17.488+0800][gc,phases   ] GC(7)   Other: 0.1ms
[2022-04-19T13:46:17.488+0800][gc,heap     ] GC(7) Eden regions: 196->0(239)
[2022-04-19T13:46:17.488+0800][gc,heap     ] GC(7) Survivor regions: 15->17(32)
[2022-04-19T13:46:17.488+0800][gc,heap     ] GC(7) Old regions: 0->0
[2022-04-19T13:46:17.488+0800][gc,heap     ] GC(7) Archive regions: 0->0
[2022-04-19T13:46:17.488+0800][gc,heap     ] GC(7) Humongous regions: 0->0
[2022-04-19T13:46:17.488+0800][gc,metaspace] GC(7) Metaspace: 35091K(35520K)->35091K(35520K) NonClass: 31070K(31296K)->31070K(31296K) Class: 4020K(4224K)->4020K(4224K)
[2022-04-19T13:46:17.488+0800][gc          ] GC(7) Pause Young (Concurrent Start) (Metadata GC Threshold) 210M->16M(512M) 5.348ms
[2022-04-19T13:46:17.488+0800][gc,cpu      ] GC(7) User=0.03s Sys=0.00s Real=0.00s
[2022-04-19T13:46:17.488+0800][gc          ] GC(8) Concurrent Mark Cycle
[2022-04-19T13:46:17.488+0800][gc,marking  ] GC(8) Concurrent Clear Claimed Marks
[2022-04-19T13:46:17.488+0800][gc,marking  ] GC(8) Concurrent Clear Claimed Marks 0.018ms
[2022-04-19T13:46:17.488+0800][gc,marking  ] GC(8) Concurrent Scan Root Regions
[2022-04-19T13:46:17.491+0800][gc,marking  ] GC(8) Concurrent Scan Root Regions 3.004ms
[2022-04-19T13:46:17.492+0800][gc,marking  ] GC(8) Concurrent Mark
[2022-04-19T13:46:17.492+0800][gc,marking  ] GC(8) Concurrent Mark From Roots
[2022-04-19T13:46:17.492+0800][gc,task     ] GC(8) Using 2 workers of 2 for marking
[2022-04-19T13:46:17.492+0800][gc,marking  ] GC(8) Concurrent Mark From Roots 0.051ms
[2022-04-19T13:46:17.492+0800][gc,marking  ] GC(8) Concurrent Preclean
[2022-04-19T13:46:17.492+0800][gc,marking  ] GC(8) Concurrent Preclean 0.013ms
[2022-04-19T13:46:17.492+0800][gc,start    ] GC(8) Pause Remark
[2022-04-19T13:46:17.493+0800][gc          ] GC(8) Pause Remark 18M->18M(512M) 1.753ms
[2022-04-19T13:46:17.493+0800][gc,cpu      ] GC(8) User=0.01s Sys=0.00s Real=0.00s
[2022-04-19T13:46:17.493+0800][gc,marking  ] GC(8) Concurrent Mark 1.973ms
[2022-04-19T13:46:17.494+0800][gc,marking  ] GC(8) Concurrent Rebuild Remembered Sets
[2022-04-19T13:46:17.494+0800][gc,marking  ] GC(8) Concurrent Rebuild Remembered Sets 0.017ms
[2022-04-19T13:46:17.494+0800][gc,start    ] GC(8) Pause Cleanup
[2022-04-19T13:46:17.494+0800][gc          ] GC(8) Pause Cleanup 18M->18M(512M) 0.036ms
[2022-04-19T13:46:17.494+0800][gc,cpu      ] GC(8) User=0.00s Sys=0.00s Real=0.00s
[2022-04-19T13:46:17.494+0800][gc,marking  ] GC(8) Concurrent Cleanup for Next Mark
[2022-04-19T13:46:17.494+0800][gc,marking  ] GC(8) Concurrent Cleanup for Next Mark 0.674ms
[2022-04-19T13:46:17.494+0800][gc          ] GC(8) Concurrent Mark Cycle 5.871ms
[2022-04-19T13:46:17.914+0800][gc,start    ] GC(9) Pause Young (Normal) (G1 Evacuation Pause)
[2022-04-19T13:46:17.914+0800][gc,task     ] GC(9) Using 8 workers of 8 for evacuation
[2022-04-19T13:46:17.922+0800][gc,phases   ] GC(9)   Pre Evacuate Collection Set: 0.1ms
[2022-04-19T13:46:17.922+0800][gc,phases   ] GC(9)   Merge Heap Roots: 0.1ms
[2022-04-19T13:46:17.922+0800][gc,phases   ] GC(9)   Evacuate Collection Set: 6.8ms
[2022-04-19T13:46:17.922+0800][gc,phases   ] GC(9)   Post Evacuate Collection Set: 1.1ms
[2022-04-19T13:46:17.922+0800][gc,phases   ] GC(9)   Other: 0.1ms
[2022-04-19T13:46:17.922+0800][gc,heap     ] GC(9) Eden regions: 239->0(236)
[2022-04-19T13:46:17.922+0800][gc,heap     ] GC(9) Survivor regions: 17->20(32)
[2022-04-19T13:46:17.922+0800][gc,heap     ] GC(9) Old regions: 0->0
[2022-04-19T13:46:17.922+0800][gc,heap     ] GC(9) Archive regions: 0->0
[2022-04-19T13:46:17.922+0800][gc,heap     ] GC(9) Humongous regions: 0->0
[2022-04-19T13:46:17.922+0800][gc,metaspace] GC(9) Metaspace: 40924K(41408K)->40924K(41408K) NonClass: 36210K(36480K)->36210K(36480K) Class: 4713K(4928K)->4713K(4928K)
[2022-04-19T13:46:17.922+0800][gc          ] GC(9) Pause Young (Normal) (G1 Evacuation Pause) 255M->19M(512M) 8.152ms
[2022-04-19T13:46:17.922+0800][gc,cpu      ] GC(9) User=0.04s Sys=0.01s Real=0.01s
[2022-04-19T13:46:18.873+0800][gc,start    ] GC(10) Pause Young (Normal) (GCLocker Initiated GC)
[2022-04-19T13:46:18.873+0800][gc,task     ] GC(10) Using 8 workers of 8 for evacuation
[2022-04-19T13:46:18.884+0800][gc,phases   ] GC(10)   Pre Evacuate Collection Set: 0.1ms
[2022-04-19T13:46:18.884+0800][gc,phases   ] GC(10)   Merge Heap Roots: 0.1ms
[2022-04-19T13:46:18.884+0800][gc,phases   ] GC(10)   Evacuate Collection Set: 10.4ms
[2022-04-19T13:46:18.884+0800][gc,phases   ] GC(10)   Post Evacuate Collection Set: 1.2ms
[2022-04-19T13:46:18.884+0800][gc,phases   ] GC(10)   Other: 0.1ms
[2022-04-19T13:46:18.884+0800][gc,heap     ] GC(10) Eden regions: 236->0(231)
[2022-04-19T13:46:18.884+0800][gc,heap     ] GC(10) Survivor regions: 20->25(32)
[2022-04-19T13:46:18.884+0800][gc,heap     ] GC(10) Old regions: 0->5
[2022-04-19T13:46:18.884+0800][gc,heap     ] GC(10) Archive regions: 0->0
[2022-04-19T13:46:18.884+0800][gc,heap     ] GC(10) Humongous regions: 0->0
[2022-04-19T13:46:18.884+0800][gc,metaspace] GC(10) Metaspace: 54504K(54976K)->54504K(54976K) NonClass: 48258K(48512K)->48258K(48512K) Class: 6245K(6464K)->6245K(6464K)
[2022-04-19T13:46:18.884+0800][gc          ] GC(10) Pause Young (Normal) (GCLocker Initiated GC) 255M->29M(512M) 11.883ms
[2022-04-19T13:46:18.884+0800][gc,cpu      ] GC(10) User=0.07s Sys=0.01s Real=0.01s
[2022-04-19T13:46:19.190+0800][gc,start    ] GC(11) Pause Young (Concurrent Start) (Metadata GC Threshold)
[2022-04-19T13:46:19.190+0800][gc,task     ] GC(11) Using 8 workers of 8 for evacuation
[2022-04-19T13:46:19.202+0800][gc,phases   ] GC(11)   Pre Evacuate Collection Set: 0.1ms
[2022-04-19T13:46:19.202+0800][gc,phases   ] GC(11)   Merge Heap Roots: 0.1ms
[2022-04-19T13:46:19.202+0800][gc,phases   ] GC(11)   Evacuate Collection Set: 10.3ms
[2022-04-19T13:46:19.202+0800][gc,phases   ] GC(11)   Post Evacuate Collection Set: 0.9ms
[2022-04-19T13:46:19.202+0800][gc,phases   ] GC(11)   Other: 0.1ms
[2022-04-19T13:46:19.202+0800][gc,heap     ] GC(11) Eden regions: 143->0(236)
[2022-04-19T13:46:19.202+0800][gc,heap     ] GC(11) Survivor regions: 25->20(32)
[2022-04-19T13:46:19.202+0800][gc,heap     ] GC(11) Old regions: 5->13
[2022-04-19T13:46:19.202+0800][gc,heap     ] GC(11) Archive regions: 0->0
[2022-04-19T13:46:19.202+0800][gc,heap     ] GC(11) Humongous regions: 0->0
[2022-04-19T13:46:19.202+0800][gc,metaspace] GC(11) Metaspace: 58978K(59456K)->58978K(59456K) NonClass: 52241K(52480K)->52241K(52480K) Class: 6737K(6976K)->6737K(6976K)
[2022-04-19T13:46:19.202+0800][gc          ] GC(11) Pause Young (Concurrent Start) (Metadata GC Threshold) 171M->32M(512M) 11.421ms
[2022-04-19T13:46:19.202+0800][gc,cpu      ] GC(11) User=0.04s Sys=0.00s Real=0.01s
[2022-04-19T13:46:19.202+0800][gc          ] GC(12) Concurrent Mark Cycle
[2022-04-19T13:46:19.202+0800][gc,marking  ] GC(12) Concurrent Clear Claimed Marks
[2022-04-19T13:46:19.202+0800][gc,marking  ] GC(12) Concurrent Clear Claimed Marks 0.030ms
[2022-04-19T13:46:19.202+0800][gc,marking  ] GC(12) Concurrent Scan Root Regions
[2022-04-19T13:46:19.207+0800][gc,marking  ] GC(12) Concurrent Scan Root Regions 5.370ms
[2022-04-19T13:46:19.207+0800][gc,marking  ] GC(12) Concurrent Mark
[2022-04-19T13:46:19.207+0800][gc,marking  ] GC(12) Concurrent Mark From Roots
[2022-04-19T13:46:19.207+0800][gc,task     ] GC(12) Using 2 workers of 2 for marking
[2022-04-19T13:46:19.209+0800][gc,marking  ] GC(12) Concurrent Mark From Roots 2.249ms
[2022-04-19T13:46:19.209+0800][gc,marking  ] GC(12) Concurrent Preclean
[2022-04-19T13:46:19.209+0800][gc,marking  ] GC(12) Concurrent Preclean 0.024ms
[2022-04-19T13:46:19.209+0800][gc,start    ] GC(12) Pause Remark
[2022-04-19T13:46:19.211+0800][gc          ] GC(12) Pause Remark 34M->34M(512M) 1.789ms
[2022-04-19T13:46:19.211+0800][gc,cpu      ] GC(12) User=0.01s Sys=0.00s Real=0.01s
[2022-04-19T13:46:19.211+0800][gc,marking  ] GC(12) Concurrent Mark 4.270ms
[2022-04-19T13:46:19.211+0800][gc,marking  ] GC(12) Concurrent Rebuild Remembered Sets
[2022-04-19T13:46:19.215+0800][gc,marking  ] GC(12) Concurrent Rebuild Remembered Sets 3.853ms
[2022-04-19T13:46:19.215+0800][gc,start    ] GC(12) Pause Cleanup
[2022-04-19T13:46:19.215+0800][gc          ] GC(12) Pause Cleanup 35M->35M(512M) 0.080ms
[2022-04-19T13:46:19.215+0800][gc,cpu      ] GC(12) User=0.00s Sys=0.00s Real=0.00s
[2022-04-19T13:46:19.216+0800][gc,marking  ] GC(12) Concurrent Cleanup for Next Mark
[2022-04-19T13:46:19.216+0800][gc,marking  ] GC(12) Concurrent Cleanup for Next Mark 0.647ms
[2022-04-19T13:46:19.216+0800][gc          ] GC(12) Concurrent Mark Cycle 14.562ms
[2022-04-19T13:46:19.800+0800][gc,start    ] GC(13) Pause Young (Normal) (G1 Evacuation Pause)
[2022-04-19T13:46:19.800+0800][gc,task     ] GC(13) Using 8 workers of 8 for evacuation
[2022-04-19T13:46:19.808+0800][gc,phases   ] GC(13)   Pre Evacuate Collection Set: 0.1ms
[2022-04-19T13:46:19.808+0800][gc,phases   ] GC(13)   Merge Heap Roots: 0.1ms
[2022-04-19T13:46:19.808+0800][gc,phases   ] GC(13)   Evacuate Collection Set: 7.2ms
[2022-04-19T13:46:19.808+0800][gc,phases   ] GC(13)   Post Evacuate Collection Set: 0.6ms
[2022-04-19T13:46:19.808+0800][gc,phases   ] GC(13)   Other: 0.1ms
[2022-04-19T13:46:19.808+0800][gc,heap     ] GC(13) Eden regions: 236->0(233)
[2022-04-19T13:46:19.808+0800][gc,heap     ] GC(13) Survivor regions: 20->23(32)
[2022-04-19T13:46:19.808+0800][gc,heap     ] GC(13) Old regions: 13->16
[2022-04-19T13:46:19.808+0800][gc,heap     ] GC(13) Archive regions: 0->0
[2022-04-19T13:46:19.808+0800][gc,heap     ] GC(13) Humongous regions: 0->0
[2022-04-19T13:46:19.808+0800][gc,metaspace] GC(13) Metaspace: 64498K(65088K)->64498K(65088K) NonClass: 57023K(57344K)->57023K(57344K) Class: 7474K(7744K)->7474K(7744K)
[2022-04-19T13:46:19.808+0800][gc          ] GC(13) Pause Young (Normal) (G1 Evacuation Pause) 268M->38M(512M) 8.200ms
[2022-04-19T13:46:19.808+0800][gc,cpu      ] GC(13) User=0.05s Sys=0.00s Real=0.00s
[2022-04-19T13:46:25.016+0800][gc,start    ] GC(14) Pause Young (Normal) (G1 Evacuation Pause)
[2022-04-19T13:46:25.016+0800][gc,task     ] GC(14) Using 8 workers of 8 for evacuation
[2022-04-19T13:46:25.029+0800][gc,phases   ] GC(14)   Pre Evacuate Collection Set: 0.2ms
[2022-04-19T13:46:25.029+0800][gc,phases   ] GC(14)   Merge Heap Roots: 0.3ms
[2022-04-19T13:46:25.029+0800][gc,phases   ] GC(14)   Evacuate Collection Set: 11.8ms
[2022-04-19T13:46:25.029+0800][gc,phases   ] GC(14)   Post Evacuate Collection Set: 0.6ms
[2022-04-19T13:46:25.029+0800][gc,phases   ] GC(14)   Other: 0.3ms
[2022-04-19T13:46:25.029+0800][gc,heap     ] GC(14) Eden regions: 233->0(245)
[2022-04-19T13:46:25.029+0800][gc,heap     ] GC(14) Survivor regions: 23->11(32)
[2022-04-19T13:46:25.029+0800][gc,heap     ] GC(14) Old regions: 16->28
[2022-04-19T13:46:25.029+0800][gc,heap     ] GC(14) Archive regions: 0->0
[2022-04-19T13:46:25.029+0800][gc,heap     ] GC(14) Humongous regions: 2->2
[2022-04-19T13:46:25.029+0800][gc,metaspace] GC(14) Metaspace: 69081K(69696K)->69081K(69696K) NonClass: 60994K(61312K)->60994K(61312K) Class: 8087K(8384K)->8087K(8384K)
[2022-04-19T13:46:25.029+0800][gc          ] GC(14) Pause Young (Normal) (G1 Evacuation Pause) 273M->40M(512M) 13.330ms
[2022-04-19T13:46:25.029+0800][gc,cpu      ] GC(14) User=0.05s Sys=0.01s Real=0.01s
[2022-04-19T13:48:56.806+0800][gc,heap,exit] Heap
[2022-04-19T13:48:56.807+0800][gc,heap,exit]  garbage-first heap   total 524288K, used 111800K [0x00000007a0000000, 0x00000007c0000000)
[2022-04-19T13:48:56.807+0800][gc,heap,exit]   region size 1024K, 78 young (79872K), 11 survivors (11264K)
[2022-04-19T13:48:56.808+0800][gc,heap,exit]  Metaspace       used 71185K, committed 71744K, reserved 1114112K
[2022-04-19T13:48:56.808+0800][gc,heap,exit]   class space    used 8231K, committed 8512K, reserved 1048576K
