[2022-04-19T14:18:11.416+0800][gc] Using G1
[2022-04-19T14:18:11.419+0800][gc,init] Version: 16.0.1+9 (release)
[2022-04-19T14:18:11.419+0800][gc,init] CPUs: 8 total, 8 available
[2022-04-19T14:18:11.419+0800][gc,init] Memory: 16384M
[2022-04-19T14:18:11.419+0800][gc,init] Large Page Support: Disabled
[2022-04-19T14:18:11.419+0800][gc,init] NUMA Support: Disabled
[2022-04-19T14:18:11.419+0800][gc,init] Compressed Oops: Enabled (Zero based)
[2022-04-19T14:18:11.419+0800][gc,init] Heap Region Size: 1M
[2022-04-19T14:18:11.419+0800][gc,init] Heap Min Capacity: 2G
[2022-04-19T14:18:11.419+0800][gc,init] Heap Initial Capacity: 2G
[2022-04-19T14:18:11.419+0800][gc,init] Heap Max Capacity: 2G
[2022-04-19T14:18:11.419+0800][gc,init] Pre-touch: Disabled
[2022-04-19T14:18:11.419+0800][gc,init] Parallel Workers: 8
[2022-04-19T14:18:11.419+0800][gc,init] Concurrent Workers: 2
[2022-04-19T14:18:11.419+0800][gc,init] Concurrent Refinement Workers: 8
[2022-04-19T14:18:11.419+0800][gc,init] Periodic GC: Disabled
[2022-04-19T14:18:11.419+0800][gc,metaspace] Compressed class space mapped at: 0x0000000300000000-0x0000000310000000, reserved size: 268435456
[2022-04-19T14:18:11.419+0800][gc,metaspace] Narrow klass base: 0x0000000000000000, Narrow klass shift: 3, Narrow klass range: 0x310000000
[2022-04-19T14:18:12.868+0800][gc,start    ] GC(0) Pause Young (Normal) (G1 Evacuation Pause)
[2022-04-19T14:18:12.868+0800][gc,task     ] GC(0) Using 8 workers of 8 for evacuation
[2022-04-19T14:18:12.876+0800][gc,phases   ] GC(0)   Pre Evacuate Collection Set: 0.2ms
[2022-04-19T14:18:12.876+0800][gc,phases   ] GC(0)   Merge Heap Roots: 0.2ms
[2022-04-19T14:18:12.877+0800][gc,phases   ] GC(0)   Evacuate Collection Set: 7.0ms
[2022-04-19T14:18:12.877+0800][gc,phases   ] GC(0)   Post Evacuate Collection Set: 1.1ms
[2022-04-19T14:18:12.877+0800][gc,phases   ] GC(0)   Other: 0.4ms
[2022-04-19T14:18:12.877+0800][gc,heap     ] GC(0) Eden regions: 1024->0(1011)
[2022-04-19T14:18:12.877+0800][gc,heap     ] GC(0) Survivor regions: 0->13(128)
[2022-04-19T14:18:12.877+0800][gc,heap     ] GC(0) Old regions: 0->0
[2022-04-19T14:18:12.877+0800][gc,heap     ] GC(0) Archive regions: 0->0
[2022-04-19T14:18:12.877+0800][gc,heap     ] GC(0) Humongous regions: 0->0
[2022-04-19T14:18:12.877+0800][gc,metaspace] GC(0) Metaspace: 31837K(32256K)->31837K(32256K) NonClass: 28286K(28480K)->28286K(28480K) Class: 3550K(3776K)->3550K(3776K)
[2022-04-19T14:18:12.877+0800][gc          ] GC(0) Pause Young (Normal) (G1 Evacuation Pause) 1024M->12M(2048M) 8.914ms
[2022-04-19T14:18:12.877+0800][gc,cpu      ] GC(0) User=0.05s Sys=0.01s Real=0.01s
[2022-04-19T14:18:15.437+0800][gc,start    ] GC(1) Pause Young (Normal) (G1 Evacuation Pause)
[2022-04-19T14:18:15.437+0800][gc,task     ] GC(1) Using 8 workers of 8 for evacuation
[2022-04-19T14:18:15.456+0800][gc,phases   ] GC(1)   Pre Evacuate Collection Set: 0.2ms
[2022-04-19T14:18:15.456+0800][gc,phases   ] GC(1)   Merge Heap Roots: 0.2ms
[2022-04-19T14:18:15.456+0800][gc,phases   ] GC(1)   Evacuate Collection Set: 16.8ms
[2022-04-19T14:18:15.456+0800][gc,phases   ] GC(1)   Post Evacuate Collection Set: 1.8ms
[2022-04-19T14:18:15.456+0800][gc,phases   ] GC(1)   Other: 0.1ms
[2022-04-19T14:18:15.456+0800][gc,heap     ] GC(1) Eden regions: 1011->0(991)
[2022-04-19T14:18:15.456+0800][gc,heap     ] GC(1) Survivor regions: 13->33(128)
[2022-04-19T14:18:15.456+0800][gc,heap     ] GC(1) Old regions: 0->0
[2022-04-19T14:18:15.456+0800][gc,heap     ] GC(1) Archive regions: 0->0
[2022-04-19T14:18:15.456+0800][gc,heap     ] GC(1) Humongous regions: 0->0
[2022-04-19T14:18:15.456+0800][gc,metaspace] GC(1) Metaspace: 59341K(59904K)->59341K(59904K) NonClass: 52564K(52864K)->52564K(52864K) Class: 6776K(7040K)->6776K(7040K)
[2022-04-19T14:18:15.456+0800][gc          ] GC(1) Pause Young (Normal) (G1 Evacuation Pause) 1023M->32M(2048M) 19.123ms
[2022-04-19T14:18:15.456+0800][gc,cpu      ] GC(1) User=0.12s Sys=0.01s Real=0.02s
[2022-04-19T14:20:12.637+0800][gc,heap,exit] Heap
[2022-04-19T14:20:12.637+0800][gc,heap,exit]  garbage-first heap   total 2097152K, used 492823K [0x0000000770000000, 0x00000007f0000000)
[2022-04-19T14:20:12.638+0800][gc,heap,exit]   region size 1024K, 482 young (493568K), 33 survivors (33792K)
[2022-04-19T14:20:12.638+0800][gc,heap,exit]  Metaspace       used 68859K, committed 69440K, reserved 327680K
[2022-04-19T14:20:12.638+0800][gc,heap,exit]   class space    used 7970K, committed 8256K, reserved 262144K
