[2022-04-19T14:20:16.690+0800][gc] Using G1
[2022-04-19T14:20:16.693+0800][gc,init] Version: 16.0.1+9 (release)
[2022-04-19T14:20:16.693+0800][gc,init] CPUs: 8 total, 8 available
[2022-04-19T14:20:16.693+0800][gc,init] Memory: 16384M
[2022-04-19T14:20:16.693+0800][gc,init] Large Page Support: Disabled
[2022-04-19T14:20:16.693+0800][gc,init] NUMA Support: Disabled
[2022-04-19T14:20:16.693+0800][gc,init] Compressed Oops: Enabled (Zero based)
[2022-04-19T14:20:16.693+0800][gc,init] Heap Region Size: 1M
[2022-04-19T14:20:16.693+0800][gc,init] Heap Min Capacity: 2G
[2022-04-19T14:20:16.693+0800][gc,init] Heap Initial Capacity: 2G
[2022-04-19T14:20:16.693+0800][gc,init] Heap Max Capacity: 2G
[2022-04-19T14:20:16.693+0800][gc,init] Pre-touch: Disabled
[2022-04-19T14:20:16.693+0800][gc,init] Parallel Workers: 8
[2022-04-19T14:20:16.693+0800][gc,init] Concurrent Workers: 2
[2022-04-19T14:20:16.693+0800][gc,init] Concurrent Refinement Workers: 8
[2022-04-19T14:20:16.693+0800][gc,init] Periodic GC: Disabled
[2022-04-19T14:20:16.693+0800][gc,metaspace] Compressed class space mapped at: 0x0000000300000000-0x0000000310000000, reserved size: 268435456
[2022-04-19T14:20:16.693+0800][gc,metaspace] Narrow klass base: 0x0000000000000000, Narrow klass shift: 3, Narrow klass range: 0x310000000
[2022-04-19T14:20:18.205+0800][gc,start    ] GC(0) Pause Young (Normal) (G1 Evacuation Pause)
[2022-04-19T14:20:18.206+0800][gc,task     ] GC(0) Using 8 workers of 8 for evacuation
[2022-04-19T14:20:18.214+0800][gc,phases   ] GC(0)   Pre Evacuate Collection Set: 0.2ms
[2022-04-19T14:20:18.214+0800][gc,phases   ] GC(0)   Merge Heap Roots: 0.1ms
[2022-04-19T14:20:18.214+0800][gc,phases   ] GC(0)   Evacuate Collection Set: 6.9ms
[2022-04-19T14:20:18.214+0800][gc,phases   ] GC(0)   Post Evacuate Collection Set: 1.1ms
[2022-04-19T14:20:18.214+0800][gc,phases   ] GC(0)   Other: 0.4ms
[2022-04-19T14:20:18.214+0800][gc,heap     ] GC(0) Eden regions: 1024->0(1011)
[2022-04-19T14:20:18.214+0800][gc,heap     ] GC(0) Survivor regions: 0->13(128)
[2022-04-19T14:20:18.214+0800][gc,heap     ] GC(0) Old regions: 0->0
[2022-04-19T14:20:18.214+0800][gc,heap     ] GC(0) Archive regions: 0->0
[2022-04-19T14:20:18.214+0800][gc,heap     ] GC(0) Humongous regions: 0->0
[2022-04-19T14:20:18.214+0800][gc,metaspace] GC(0) Metaspace: 31797K(32256K)->31797K(32256K) NonClass: 28255K(28480K)->28255K(28480K) Class: 3542K(3776K)->3542K(3776K)
[2022-04-19T14:20:18.214+0800][gc          ] GC(0) Pause Young (Normal) (G1 Evacuation Pause) 1024M->12M(2048M) 8.783ms
[2022-04-19T14:20:18.214+0800][gc,cpu      ] GC(0) User=0.04s Sys=0.01s Real=0.01s
[2022-04-19T14:20:20.722+0800][gc,start    ] GC(1) Pause Young (Normal) (G1 Evacuation Pause)
[2022-04-19T14:20:20.722+0800][gc,task     ] GC(1) Using 8 workers of 8 for evacuation
[2022-04-19T14:20:20.738+0800][gc,phases   ] GC(1)   Pre Evacuate Collection Set: 0.2ms
[2022-04-19T14:20:20.738+0800][gc,phases   ] GC(1)   Merge Heap Roots: 0.2ms
[2022-04-19T14:20:20.738+0800][gc,phases   ] GC(1)   Evacuate Collection Set: 14.0ms
[2022-04-19T14:20:20.738+0800][gc,phases   ] GC(1)   Post Evacuate Collection Set: 1.4ms
[2022-04-19T14:20:20.738+0800][gc,phases   ] GC(1)   Other: 0.2ms
[2022-04-19T14:20:20.738+0800][gc,heap     ] GC(1) Eden regions: 1011->0(992)
[2022-04-19T14:20:20.738+0800][gc,heap     ] GC(1) Survivor regions: 13->32(128)
[2022-04-19T14:20:20.738+0800][gc,heap     ] GC(1) Old regions: 0->0
[2022-04-19T14:20:20.738+0800][gc,heap     ] GC(1) Archive regions: 0->0
[2022-04-19T14:20:20.738+0800][gc,heap     ] GC(1) Humongous regions: 0->0
[2022-04-19T14:20:20.738+0800][gc,metaspace] GC(1) Metaspace: 58872K(59392K)->58872K(59392K) NonClass: 52164K(52416K)->52164K(52416K) Class: 6708K(6976K)->6708K(6976K)
[2022-04-19T14:20:20.738+0800][gc          ] GC(1) Pause Young (Normal) (G1 Evacuation Pause) 1023M->31M(2048M) 16.070ms
[2022-04-19T14:20:20.738+0800][gc,cpu      ] GC(1) User=0.10s Sys=0.01s Real=0.01s
[2022-04-19T15:16:00.226+0800][gc,start    ] GC(2) Pause Young (Normal) (G1 Evacuation Pause)
[2022-04-19T15:16:00.226+0800][gc,task     ] GC(2) Using 8 workers of 8 for evacuation
[2022-04-19T15:16:00.312+0800][gc,phases   ] GC(2)   Pre Evacuate Collection Set: 0.5ms
[2022-04-19T15:16:00.312+0800][gc,phases   ] GC(2)   Merge Heap Roots: 0.2ms
[2022-04-19T15:16:00.312+0800][gc,phases   ] GC(2)   Evacuate Collection Set: 81.2ms
[2022-04-19T15:16:00.312+0800][gc,phases   ] GC(2)   Post Evacuate Collection Set: 4.0ms
[2022-04-19T15:16:00.312+0800][gc,phases   ] GC(2)   Other: 0.5ms
[2022-04-19T15:16:00.312+0800][gc,heap     ] GC(2) Eden regions: 992->0(987)
[2022-04-19T15:16:00.312+0800][gc,heap     ] GC(2) Survivor regions: 32->37(128)
[2022-04-19T15:16:00.312+0800][gc,heap     ] GC(2) Old regions: 0->0
[2022-04-19T15:16:00.312+0800][gc,heap     ] GC(2) Archive regions: 0->0
[2022-04-19T15:16:00.312+0800][gc,heap     ] GC(2) Humongous regions: 7->7
[2022-04-19T15:16:00.312+0800][gc,metaspace] GC(2) Metaspace: 77299K(77888K)->77299K(77888K) NonClass: 68769K(69056K)->68769K(69056K) Class: 8530K(8832K)->8530K(8832K)
[2022-04-19T15:16:00.312+0800][gc          ] GC(2) Pause Young (Normal) (G1 Evacuation Pause) 1030M->43M(2048M) 86.323ms
[2022-04-19T15:16:00.312+0800][gc,cpu      ] GC(2) User=0.13s Sys=0.12s Real=0.09s
[2022-04-19T16:52:39.833+0800][gc,start    ] GC(3) Pause Young (Normal) (G1 Evacuation Pause)
[2022-04-19T16:52:39.834+0800][gc,task     ] GC(3) Using 8 workers of 8 for evacuation
[2022-04-19T16:52:39.899+0800][gc,phases   ] GC(3)   Pre Evacuate Collection Set: 1.4ms
[2022-04-19T16:52:39.899+0800][gc,phases   ] GC(3)   Merge Heap Roots: 0.2ms
[2022-04-19T16:52:39.899+0800][gc,phases   ] GC(3)   Evacuate Collection Set: 56.9ms
[2022-04-19T16:52:39.899+0800][gc,phases   ] GC(3)   Post Evacuate Collection Set: 5.7ms
[2022-04-19T16:52:39.899+0800][gc,phases   ] GC(3)   Other: 1.6ms
[2022-04-19T16:52:39.899+0800][gc,heap     ] GC(3) Eden regions: 987->0(990)
[2022-04-19T16:52:39.899+0800][gc,heap     ] GC(3) Survivor regions: 37->34(128)
[2022-04-19T16:52:39.899+0800][gc,heap     ] GC(3) Old regions: 0->0
[2022-04-19T16:52:39.899+0800][gc,heap     ] GC(3) Archive regions: 0->0
[2022-04-19T16:52:39.899+0800][gc,heap     ] GC(3) Humongous regions: 17->17
[2022-04-19T16:52:39.899+0800][gc,metaspace] GC(3) Metaspace: 78958K(79616K)->78958K(79616K) NonClass: 70327K(70656K)->70327K(70656K) Class: 8631K(8960K)->8631K(8960K)
[2022-04-19T16:52:39.899+0800][gc          ] GC(3) Pause Young (Normal) (G1 Evacuation Pause) 1040M->51M(2048M) 65.835ms
[2022-04-19T16:52:39.899+0800][gc,cpu      ] GC(3) User=0.10s Sys=0.08s Real=0.06s
[2022-04-19T18:27:11.621+0800][gc,start    ] GC(4) Pause Young (Normal) (G1 Evacuation Pause)
[2022-04-19T18:27:11.622+0800][gc,task     ] GC(4) Using 8 workers of 8 for evacuation
[2022-04-19T18:27:11.713+0800][gc,phases   ] GC(4)   Pre Evacuate Collection Set: 2.5ms
[2022-04-19T18:27:11.713+0800][gc,phases   ] GC(4)   Merge Heap Roots: 0.2ms
[2022-04-19T18:27:11.713+0800][gc,phases   ] GC(4)   Evacuate Collection Set: 84.1ms
[2022-04-19T18:27:11.713+0800][gc,phases   ] GC(4)   Post Evacuate Collection Set: 4.4ms
[2022-04-19T18:27:11.713+0800][gc,phases   ] GC(4)   Other: 2.5ms
[2022-04-19T18:27:11.713+0800][gc,heap     ] GC(4) Eden regions: 990->0(990)
[2022-04-19T18:27:11.714+0800][gc,heap     ] GC(4) Survivor regions: 34->34(128)
[2022-04-19T18:27:11.714+0800][gc,heap     ] GC(4) Old regions: 0->0
[2022-04-19T18:27:11.714+0800][gc,heap     ] GC(4) Archive regions: 0->0
[2022-04-19T18:27:11.714+0800][gc,heap     ] GC(4) Humongous regions: 17->17
[2022-04-19T18:27:11.714+0800][gc,metaspace] GC(4) Metaspace: 79112K(79744K)->79112K(79744K) NonClass: 70479K(70784K)->70479K(70784K) Class: 8633K(8960K)->8633K(8960K)
[2022-04-19T18:27:11.714+0800][gc          ] GC(4) Pause Young (Normal) (G1 Evacuation Pause) 1041M->51M(2048M) 92.351ms
[2022-04-19T18:27:11.714+0800][gc,cpu      ] GC(4) User=0.09s Sys=0.11s Real=0.09s
[2022-04-19T19:23:27.526+0800][gc,start    ] GC(5) Pause Young (Normal) (G1 Evacuation Pause)
[2022-04-19T19:23:27.526+0800][gc,task     ] GC(5) Using 8 workers of 8 for evacuation
[2022-04-19T19:23:27.588+0800][gc,phases   ] GC(5)   Pre Evacuate Collection Set: 1.0ms
[2022-04-19T19:23:27.588+0800][gc,phases   ] GC(5)   Merge Heap Roots: 0.1ms
[2022-04-19T19:23:27.588+0800][gc,phases   ] GC(5)   Evacuate Collection Set: 53.3ms
[2022-04-19T19:23:27.588+0800][gc,phases   ] GC(5)   Post Evacuate Collection Set: 7.1ms
[2022-04-19T19:23:27.588+0800][gc,phases   ] GC(5)   Other: 1.8ms
[2022-04-19T19:23:27.588+0800][gc,heap     ] GC(5) Eden regions: 990->0(989)
[2022-04-19T19:23:27.588+0800][gc,heap     ] GC(5) Survivor regions: 34->35(128)
[2022-04-19T19:23:27.588+0800][gc,heap     ] GC(5) Old regions: 0->0
[2022-04-19T19:23:27.588+0800][gc,heap     ] GC(5) Archive regions: 0->0
[2022-04-19T19:23:27.588+0800][gc,heap     ] GC(5) Humongous regions: 17->17
[2022-04-19T19:23:27.588+0800][gc,metaspace] GC(5) Metaspace: 79286K(79936K)->79286K(79936K) NonClass: 70648K(70976K)->70648K(70976K) Class: 8638K(8960K)->8638K(8960K)
[2022-04-19T19:23:27.588+0800][gc          ] GC(5) Pause Young (Normal) (G1 Evacuation Pause) 1041M->51M(2048M) 62.184ms
[2022-04-19T19:23:27.588+0800][gc,cpu      ] GC(5) User=0.10s Sys=0.09s Real=0.06s
[2022-04-19T20:29:09.902+0800][gc,start    ] GC(6) Pause Young (Normal) (G1 Evacuation Pause)
[2022-04-19T20:29:09.902+0800][gc,task     ] GC(6) Using 8 workers of 8 for evacuation
[2022-04-19T20:29:09.979+0800][gc,phases   ] GC(6)   Pre Evacuate Collection Set: 4.9ms
[2022-04-19T20:29:09.979+0800][gc,phases   ] GC(6)   Merge Heap Roots: 0.3ms
[2022-04-19T20:29:09.979+0800][gc,phases   ] GC(6)   Evacuate Collection Set: 68.0ms
[2022-04-19T20:29:09.979+0800][gc,phases   ] GC(6)   Post Evacuate Collection Set: 2.9ms
[2022-04-19T20:29:09.979+0800][gc,phases   ] GC(6)   Other: 0.8ms
[2022-04-19T20:29:09.979+0800][gc,heap     ] GC(6) Eden regions: 989->0(989)
[2022-04-19T20:29:09.979+0800][gc,heap     ] GC(6) Survivor regions: 35->35(128)
[2022-04-19T20:29:09.979+0800][gc,heap     ] GC(6) Old regions: 0->0
[2022-04-19T20:29:09.979+0800][gc,heap     ] GC(6) Archive regions: 0->0
[2022-04-19T20:29:09.979+0800][gc,heap     ] GC(6) Humongous regions: 17->17
[2022-04-19T20:29:09.979+0800][gc,metaspace] GC(6) Metaspace: 79465K(80128K)->79465K(80128K) NonClass: 70823K(71168K)->70823K(71168K) Class: 8642K(8960K)->8642K(8960K)
[2022-04-19T20:29:09.979+0800][gc          ] GC(6) Pause Young (Normal) (G1 Evacuation Pause) 1040M->51M(2048M) 76.968ms
[2022-04-19T20:29:09.979+0800][gc,cpu      ] GC(6) User=0.09s Sys=0.09s Real=0.07s
[2022-04-19T21:29:37.357+0800][gc,start    ] GC(7) Pause Young (Normal) (G1 Evacuation Pause)
[2022-04-19T21:29:37.358+0800][gc,task     ] GC(7) Using 8 workers of 8 for evacuation
[2022-04-19T21:29:37.434+0800][gc,phases   ] GC(7)   Pre Evacuate Collection Set: 3.0ms
[2022-04-19T21:29:37.434+0800][gc,phases   ] GC(7)   Merge Heap Roots: 0.7ms
[2022-04-19T21:29:37.434+0800][gc,phases   ] GC(7)   Evacuate Collection Set: 68.5ms
[2022-04-19T21:29:37.434+0800][gc,phases   ] GC(7)   Post Evacuate Collection Set: 3.7ms
[2022-04-19T21:29:37.434+0800][gc,phases   ] GC(7)   Other: 2.0ms
[2022-04-19T21:29:37.434+0800][gc,heap     ] GC(7) Eden regions: 989->0(990)
[2022-04-19T21:29:37.434+0800][gc,heap     ] GC(7) Survivor regions: 35->34(128)
[2022-04-19T21:29:37.434+0800][gc,heap     ] GC(7) Old regions: 0->0
[2022-04-19T21:29:37.434+0800][gc,heap     ] GC(7) Archive regions: 0->0
[2022-04-19T21:29:37.434+0800][gc,heap     ] GC(7) Humongous regions: 17->17
[2022-04-19T21:29:37.434+0800][gc,metaspace] GC(7) Metaspace: 79547K(80192K)->79547K(80192K) NonClass: 70902K(71232K)->70902K(71232K) Class: 8644K(8960K)->8644K(8960K)
[2022-04-19T21:29:37.434+0800][gc          ] GC(7) Pause Young (Normal) (G1 Evacuation Pause) 1040M->50M(2048M) 77.321ms
[2022-04-19T21:29:37.434+0800][gc,cpu      ] GC(7) User=0.09s Sys=0.11s Real=0.08s
[2022-04-19T22:43:07.759+0800][gc,start    ] GC(8) Pause Young (Normal) (G1 Evacuation Pause)
[2022-04-19T22:43:07.760+0800][gc,task     ] GC(8) Using 8 workers of 8 for evacuation
[2022-04-19T22:43:07.821+0800][gc,phases   ] GC(8)   Pre Evacuate Collection Set: 0.5ms
[2022-04-19T22:43:07.821+0800][gc,phases   ] GC(8)   Merge Heap Roots: 0.1ms
[2022-04-19T22:43:07.821+0800][gc,phases   ] GC(8)   Evacuate Collection Set: 57.4ms
[2022-04-19T22:43:07.821+0800][gc,phases   ] GC(8)   Post Evacuate Collection Set: 2.8ms
[2022-04-19T22:43:07.821+0800][gc,phases   ] GC(8)   Other: 0.9ms
[2022-04-19T22:43:07.821+0800][gc,heap     ] GC(8) Eden regions: 990->0(991)
[2022-04-19T22:43:07.821+0800][gc,heap     ] GC(8) Survivor regions: 34->33(128)
[2022-04-19T22:43:07.821+0800][gc,heap     ] GC(8) Old regions: 0->0
[2022-04-19T22:43:07.821+0800][gc,heap     ] GC(8) Archive regions: 0->0
[2022-04-19T22:43:07.821+0800][gc,heap     ] GC(8) Humongous regions: 17->17
[2022-04-19T22:43:07.821+0800][gc,metaspace] GC(8) Metaspace: 79584K(80256K)->79584K(80256K) NonClass: 70939K(71296K)->70939K(71296K) Class: 8645K(8960K)->8645K(8960K)
[2022-04-19T22:43:07.821+0800][gc          ] GC(8) Pause Young (Normal) (G1 Evacuation Pause) 1040M->50M(2048M) 61.747ms
[2022-04-19T22:43:07.821+0800][gc,cpu      ] GC(8) User=0.10s Sys=0.06s Real=0.07s
[2022-04-20T10:46:01.404+0800][gc,start    ] GC(9) Pause Young (Normal) (G1 Evacuation Pause)
[2022-04-20T10:46:01.406+0800][gc,task     ] GC(9) Using 8 workers of 8 for evacuation
[2022-04-20T10:46:01.467+0800][gc,phases   ] GC(9)   Pre Evacuate Collection Set: 1.9ms
[2022-04-20T10:46:01.467+0800][gc,phases   ] GC(9)   Merge Heap Roots: 0.2ms
[2022-04-20T10:46:01.467+0800][gc,phases   ] GC(9)   Evacuate Collection Set: 55.5ms
[2022-04-20T10:46:01.467+0800][gc,phases   ] GC(9)   Post Evacuate Collection Set: 3.1ms
[2022-04-20T10:46:01.467+0800][gc,phases   ] GC(9)   Other: 1.8ms
[2022-04-20T10:46:01.467+0800][gc,heap     ] GC(9) Eden regions: 991->0(989)
[2022-04-20T10:46:01.467+0800][gc,heap     ] GC(9) Survivor regions: 33->35(128)
[2022-04-20T10:46:01.467+0800][gc,heap     ] GC(9) Old regions: 0->0
[2022-04-20T10:46:01.467+0800][gc,heap     ] GC(9) Archive regions: 0->0
[2022-04-20T10:46:01.467+0800][gc,heap     ] GC(9) Humongous regions: 17->17
[2022-04-20T10:46:01.467+0800][gc,metaspace] GC(9) Metaspace: 79674K(80320K)->79674K(80320K) NonClass: 71029K(71360K)->71029K(71360K) Class: 8645K(8960K)->8645K(8960K)
[2022-04-20T10:46:01.467+0800][gc          ] GC(9) Pause Young (Normal) (G1 Evacuation Pause) 1041M->51M(2048M) 62.507ms
[2022-04-20T10:46:01.467+0800][gc,cpu      ] GC(9) User=0.10s Sys=0.09s Real=0.06s
[2022-04-20T12:01:39.650+0800][gc,start    ] GC(10) Pause Young (Normal) (G1 Evacuation Pause)
[2022-04-20T12:01:39.651+0800][gc,task     ] GC(10) Using 8 workers of 8 for evacuation
[2022-04-20T12:01:39.780+0800][gc,phases   ] GC(10)   Pre Evacuate Collection Set: 1.0ms
[2022-04-20T12:01:39.780+0800][gc,phases   ] GC(10)   Merge Heap Roots: 0.2ms
[2022-04-20T12:01:39.780+0800][gc,phases   ] GC(10)   Evacuate Collection Set: 119.5ms
[2022-04-20T12:01:39.780+0800][gc,phases   ] GC(10)   Post Evacuate Collection Set: 7.7ms
[2022-04-20T12:01:39.780+0800][gc,phases   ] GC(10)   Other: 2.4ms
[2022-04-20T12:01:39.780+0800][gc,heap     ] GC(10) Eden regions: 989->0(989)
[2022-04-20T12:01:39.780+0800][gc,heap     ] GC(10) Survivor regions: 35->35(128)
[2022-04-20T12:01:39.780+0800][gc,heap     ] GC(10) Old regions: 0->0
[2022-04-20T12:01:39.780+0800][gc,heap     ] GC(10) Archive regions: 0->0
[2022-04-20T12:01:39.780+0800][gc,heap     ] GC(10) Humongous regions: 17->17
[2022-04-20T12:01:39.780+0800][gc,metaspace] GC(10) Metaspace: 79691K(80320K)->79691K(80320K) NonClass: 71045K(71360K)->71045K(71360K) Class: 8645K(8960K)->8645K(8960K)
[2022-04-20T12:01:39.780+0800][gc          ] GC(10) Pause Young (Normal) (G1 Evacuation Pause) 1040M->52M(2048M) 129.935ms
[2022-04-20T12:01:39.780+0800][gc,cpu      ] GC(10) User=0.10s Sys=0.15s Real=0.13s
[2022-04-20T13:36:58.953+0800][gc,start    ] GC(11) Pause Young (Normal) (G1 Evacuation Pause)
[2022-04-20T13:36:58.953+0800][gc,task     ] GC(11) Using 8 workers of 8 for evacuation
[2022-04-20T13:36:59.005+0800][gc,phases   ] GC(11)   Pre Evacuate Collection Set: 1.7ms
[2022-04-20T13:36:59.005+0800][gc,phases   ] GC(11)   Merge Heap Roots: 0.7ms
[2022-04-20T13:36:59.005+0800][gc,phases   ] GC(11)   Evacuate Collection Set: 45.6ms
[2022-04-20T13:36:59.005+0800][gc,phases   ] GC(11)   Post Evacuate Collection Set: 3.7ms
[2022-04-20T13:36:59.005+0800][gc,phases   ] GC(11)   Other: 0.8ms
[2022-04-20T13:36:59.005+0800][gc,heap     ] GC(11) Eden regions: 989->0(990)
[2022-04-20T13:36:59.005+0800][gc,heap     ] GC(11) Survivor regions: 35->34(128)
[2022-04-20T13:36:59.005+0800][gc,heap     ] GC(11) Old regions: 0->0
[2022-04-20T13:36:59.005+0800][gc,heap     ] GC(11) Archive regions: 0->0
[2022-04-20T13:36:59.005+0800][gc,heap     ] GC(11) Humongous regions: 17->17
[2022-04-20T13:36:59.005+0800][gc,metaspace] GC(11) Metaspace: 79763K(80448K)->79763K(80448K) NonClass: 71116K(71488K)->71116K(71488K) Class: 8647K(8960K)->8647K(8960K)
[2022-04-20T13:36:59.005+0800][gc          ] GC(11) Pause Young (Normal) (G1 Evacuation Pause) 1041M->51M(2048M) 52.770ms
[2022-04-20T13:36:59.005+0800][gc,cpu      ] GC(11) User=0.09s Sys=0.10s Real=0.05s
[2022-04-20T14:38:57.338+0800][gc,start    ] GC(12) Pause Young (Normal) (G1 Evacuation Pause)
[2022-04-20T14:38:57.338+0800][gc,task     ] GC(12) Using 8 workers of 8 for evacuation
[2022-04-20T14:38:57.445+0800][gc,phases   ] GC(12)   Pre Evacuate Collection Set: 1.4ms
[2022-04-20T14:38:57.445+0800][gc,phases   ] GC(12)   Merge Heap Roots: 0.3ms
[2022-04-20T14:38:57.445+0800][gc,phases   ] GC(12)   Evacuate Collection Set: 98.2ms
[2022-04-20T14:38:57.445+0800][gc,phases   ] GC(12)   Post Evacuate Collection Set: 5.6ms
[2022-04-20T14:38:57.445+0800][gc,phases   ] GC(12)   Other: 1.6ms
[2022-04-20T14:38:57.445+0800][gc,heap     ] GC(12) Eden regions: 990->0(990)
[2022-04-20T14:38:57.445+0800][gc,heap     ] GC(12) Survivor regions: 34->34(128)
[2022-04-20T14:38:57.445+0800][gc,heap     ] GC(12) Old regions: 0->0
[2022-04-20T14:38:57.445+0800][gc,heap     ] GC(12) Archive regions: 0->0
[2022-04-20T14:38:57.445+0800][gc,heap     ] GC(12) Humongous regions: 17->17
[2022-04-20T14:38:57.445+0800][gc,metaspace] GC(12) Metaspace: 79796K(80448K)->79796K(80448K) NonClass: 71148K(71488K)->71148K(71488K) Class: 8648K(8960K)->8648K(8960K)
[2022-04-20T14:38:57.445+0800][gc          ] GC(12) Pause Young (Normal) (G1 Evacuation Pause) 1041M->51M(2048M) 106.914ms
[2022-04-20T14:38:57.445+0800][gc,cpu      ] GC(12) User=0.10s Sys=0.10s Real=0.11s
[2022-04-20T15:54:55.985+0800][gc,start    ] GC(13) Pause Young (Normal) (G1 Evacuation Pause)
[2022-04-20T15:54:55.985+0800][gc,task     ] GC(13) Using 8 workers of 8 for evacuation
[2022-04-20T15:54:56.144+0800][gc,phases   ] GC(13)   Pre Evacuate Collection Set: 8.4ms
[2022-04-20T15:54:56.144+0800][gc,phases   ] GC(13)   Merge Heap Roots: 0.4ms
[2022-04-20T15:54:56.144+0800][gc,phases   ] GC(13)   Evacuate Collection Set: 145.0ms
[2022-04-20T15:54:56.144+0800][gc,phases   ] GC(13)   Post Evacuate Collection Set: 4.8ms
[2022-04-20T15:54:56.144+0800][gc,phases   ] GC(13)   Other: 1.9ms
[2022-04-20T15:54:56.144+0800][gc,heap     ] GC(13) Eden regions: 990->0(990)
[2022-04-20T15:54:56.144+0800][gc,heap     ] GC(13) Survivor regions: 34->34(128)
[2022-04-20T15:54:56.144+0800][gc,heap     ] GC(13) Old regions: 0->0
[2022-04-20T15:54:56.144+0800][gc,heap     ] GC(13) Archive regions: 0->0
[2022-04-20T15:54:56.144+0800][gc,heap     ] GC(13) Humongous regions: 17->17
[2022-04-20T15:54:56.145+0800][gc,metaspace] GC(13) Metaspace: 79838K(80448K)->79838K(80448K) NonClass: 71187K(71488K)->71187K(71488K) Class: 8650K(8960K)->8650K(8960K)
[2022-04-20T15:54:56.145+0800][gc          ] GC(13) Pause Young (Normal) (G1 Evacuation Pause) 1041M->50M(2048M) 159.966ms
[2022-04-20T15:54:56.145+0800][gc,cpu      ] GC(13) User=0.10s Sys=0.14s Real=0.16s
[2022-04-20T16:47:02.180+0800][gc,start    ] GC(14) Pause Young (Normal) (G1 Evacuation Pause)
[2022-04-20T16:47:02.182+0800][gc,task     ] GC(14) Using 8 workers of 8 for evacuation
[2022-04-20T16:47:02.445+0800][gc,mmu      ] GC(14) MMU target violated: 201.0ms (200.0ms/201.0ms)
[2022-04-20T16:47:02.445+0800][gc,phases   ] GC(14)   Pre Evacuate Collection Set: 4.8ms
[2022-04-20T16:47:02.445+0800][gc,phases   ] GC(14)   Merge Heap Roots: 0.2ms
[2022-04-20T16:47:02.445+0800][gc,phases   ] GC(14)   Evacuate Collection Set: 248.0ms
[2022-04-20T16:47:02.445+0800][gc,phases   ] GC(14)   Post Evacuate Collection Set: 9.3ms
[2022-04-20T16:47:02.445+0800][gc,phases   ] GC(14)   Other: 5.2ms
[2022-04-20T16:47:02.445+0800][gc,heap     ] GC(14) Eden regions: 990->0(989)
[2022-04-20T16:47:02.445+0800][gc,heap     ] GC(14) Survivor regions: 34->35(128)
[2022-04-20T16:47:02.445+0800][gc,heap     ] GC(14) Old regions: 0->0
[2022-04-20T16:47:02.445+0800][gc,heap     ] GC(14) Archive regions: 0->0
[2022-04-20T16:47:02.445+0800][gc,heap     ] GC(14) Humongous regions: 17->17
[2022-04-20T16:47:02.445+0800][gc,metaspace] GC(14) Metaspace: 79863K(80512K)->79863K(80512K) NonClass: 71212K(71552K)->71212K(71552K) Class: 8651K(8960K)->8651K(8960K)
[2022-04-20T16:47:02.446+0800][gc          ] GC(14) Pause Young (Normal) (G1 Evacuation Pause) 1040M->51M(2048M) 265.061ms
[2022-04-20T16:47:02.446+0800][gc,cpu      ] GC(14) User=0.11s Sys=0.22s Real=0.26s
[2022-04-20T17:36:59.468+0800][gc,start    ] GC(15) Pause Young (Normal) (G1 Evacuation Pause)
[2022-04-20T17:36:59.473+0800][gc,task     ] GC(15) Using 8 workers of 8 for evacuation
[2022-04-20T17:36:59.624+0800][gc,phases   ] GC(15)   Pre Evacuate Collection Set: 2.5ms
[2022-04-20T17:36:59.624+0800][gc,phases   ] GC(15)   Merge Heap Roots: 0.5ms
[2022-04-20T17:36:59.624+0800][gc,phases   ] GC(15)   Evacuate Collection Set: 136.4ms
[2022-04-20T17:36:59.624+0800][gc,phases   ] GC(15)   Post Evacuate Collection Set: 10.2ms
[2022-04-20T17:36:59.625+0800][gc,phases   ] GC(15)   Other: 8.2ms
[2022-04-20T17:36:59.626+0800][gc,heap     ] GC(15) Eden regions: 989->0(998)
[2022-04-20T17:36:59.626+0800][gc,heap     ] GC(15) Survivor regions: 35->26(128)
[2022-04-20T17:36:59.626+0800][gc,heap     ] GC(15) Old regions: 0->9
[2022-04-20T17:36:59.626+0800][gc,heap     ] GC(15) Archive regions: 0->0
[2022-04-20T17:36:59.626+0800][gc,heap     ] GC(15) Humongous regions: 17->17
[2022-04-20T17:36:59.626+0800][gc,metaspace] GC(15) Metaspace: 79877K(80512K)->79877K(80512K) NonClass: 71226K(71552K)->71226K(71552K) Class: 8651K(8960K)->8651K(8960K)
[2022-04-20T17:36:59.626+0800][gc          ] GC(15) Pause Young (Normal) (G1 Evacuation Pause) 1040M->51M(2048M) 157.754ms
[2022-04-20T17:36:59.626+0800][gc,cpu      ] GC(15) User=0.08s Sys=0.12s Real=0.16s
[2022-04-20T18:25:27.364+0800][gc,start    ] GC(16) Pause Young (Normal) (G1 Evacuation Pause)
[2022-04-20T18:25:27.364+0800][gc,task     ] GC(16) Using 8 workers of 8 for evacuation
[2022-04-20T18:25:27.444+0800][gc,phases   ] GC(16)   Pre Evacuate Collection Set: 2.5ms
[2022-04-20T18:25:27.444+0800][gc,phases   ] GC(16)   Merge Heap Roots: 0.6ms
[2022-04-20T18:25:27.444+0800][gc,phases   ] GC(16)   Evacuate Collection Set: 65.3ms
[2022-04-20T18:25:27.444+0800][gc,phases   ] GC(16)   Post Evacuate Collection Set: 10.6ms
[2022-04-20T18:25:27.444+0800][gc,phases   ] GC(16)   Other: 2.7ms
[2022-04-20T18:25:27.444+0800][gc,heap     ] GC(16) Eden regions: 998->0(1012)
[2022-04-20T18:25:27.444+0800][gc,heap     ] GC(16) Survivor regions: 26->12(128)
[2022-04-20T18:25:27.444+0800][gc,heap     ] GC(16) Old regions: 9->23
[2022-04-20T18:25:27.444+0800][gc,heap     ] GC(16) Archive regions: 0->0
[2022-04-20T18:25:27.444+0800][gc,heap     ] GC(16) Humongous regions: 17->17
[2022-04-20T18:25:27.444+0800][gc,metaspace] GC(16) Metaspace: 79905K(80576K)->79905K(80576K) NonClass: 71254K(71616K)->71254K(71616K) Class: 8651K(8960K)->8651K(8960K)
[2022-04-20T18:25:27.445+0800][gc          ] GC(16) Pause Young (Normal) (G1 Evacuation Pause) 1049M->51M(2048M) 80.171ms
[2022-04-20T18:25:27.445+0800][gc,cpu      ] GC(16) User=0.06s Sys=0.08s Real=0.08s
[2022-04-20T19:32:43.574+0800][gc,start    ] GC(17) Pause Young (Normal) (G1 Evacuation Pause)
[2022-04-20T19:32:43.575+0800][gc,task     ] GC(17) Using 8 workers of 8 for evacuation
[2022-04-20T19:32:43.653+0800][gc,phases   ] GC(17)   Pre Evacuate Collection Set: 4.6ms
[2022-04-20T19:32:43.653+0800][gc,phases   ] GC(17)   Merge Heap Roots: 1.1ms
[2022-04-20T19:32:43.653+0800][gc,phases   ] GC(17)   Evacuate Collection Set: 67.3ms
[2022-04-20T19:32:43.653+0800][gc,phases   ] GC(17)   Post Evacuate Collection Set: 4.4ms
[2022-04-20T19:32:43.653+0800][gc,phases   ] GC(17)   Other: 1.2ms
[2022-04-20T19:32:43.653+0800][gc,heap     ] GC(17) Eden regions: 1012->0(1002)
[2022-04-20T19:32:43.653+0800][gc,heap     ] GC(17) Survivor regions: 12->22(128)
[2022-04-20T19:32:43.653+0800][gc,heap     ] GC(17) Old regions: 23->32
[2022-04-20T19:32:43.653+0800][gc,heap     ] GC(17) Archive regions: 0->0
[2022-04-20T19:32:43.653+0800][gc,heap     ] GC(17) Humongous regions: 413->407
[2022-04-20T19:32:43.653+0800][gc,metaspace] GC(17) Metaspace: 80112K(80768K)->80112K(80768K) NonClass: 71449K(71808K)->71449K(71808K) Class: 8663K(8960K)->8663K(8960K)
[2022-04-20T19:32:43.653+0800][gc          ] GC(17) Pause Young (Normal) (G1 Evacuation Pause) 1459M->460M(2048M) 78.588ms
[2022-04-20T19:32:43.653+0800][gc,cpu      ] GC(17) User=0.05s Sys=0.10s Real=0.08s
[2022-04-20T21:04:53.042+0800][gc,start    ] GC(18) Pause Young (Normal) (G1 Evacuation Pause)
[2022-04-20T21:04:53.043+0800][gc,task     ] GC(18) Using 8 workers of 8 for evacuation
[2022-04-20T21:04:53.069+0800][gc,phases   ] GC(18)   Pre Evacuate Collection Set: 2.8ms
[2022-04-20T21:04:53.069+0800][gc,phases   ] GC(18)   Merge Heap Roots: 0.3ms
[2022-04-20T21:04:53.069+0800][gc,phases   ] GC(18)   Evacuate Collection Set: 21.1ms
[2022-04-20T21:04:53.069+0800][gc,phases   ] GC(18)   Post Evacuate Collection Set: 1.2ms
[2022-04-20T21:04:53.069+0800][gc,phases   ] GC(18)   Other: 1.8ms
[2022-04-20T21:04:53.069+0800][gc,heap     ] GC(18) Eden regions: 1002->0(1003)
[2022-04-20T21:04:53.069+0800][gc,heap     ] GC(18) Survivor regions: 22->21(128)
[2022-04-20T21:04:53.069+0800][gc,heap     ] GC(18) Old regions: 32->34
[2022-04-20T21:04:53.069+0800][gc,heap     ] GC(18) Archive regions: 0->0
[2022-04-20T21:04:53.069+0800][gc,heap     ] GC(18) Humongous regions: 407->405
[2022-04-20T21:04:53.069+0800][gc,metaspace] GC(18) Metaspace: 80125K(80768K)->80125K(80768K) NonClass: 71462K(71808K)->71462K(71808K) Class: 8663K(8960K)->8663K(8960K)
[2022-04-20T21:04:53.069+0800][gc          ] GC(18) Pause Young (Normal) (G1 Evacuation Pause) 1462M->459M(2048M) 27.206ms
[2022-04-20T21:04:53.069+0800][gc,cpu      ] GC(18) User=0.04s Sys=0.04s Real=0.02s
[2022-04-20T23:01:09.602+0800][gc,start    ] GC(19) Pause Young (Normal) (G1 Evacuation Pause)
[2022-04-20T23:01:09.604+0800][gc,task     ] GC(19) Using 8 workers of 8 for evacuation
[2022-04-20T23:01:09.644+0800][gc,phases   ] GC(19)   Pre Evacuate Collection Set: 2.2ms
[2022-04-20T23:01:09.644+0800][gc,phases   ] GC(19)   Merge Heap Roots: 0.3ms
[2022-04-20T23:01:09.644+0800][gc,phases   ] GC(19)   Evacuate Collection Set: 30.4ms
[2022-04-20T23:01:09.644+0800][gc,phases   ] GC(19)   Post Evacuate Collection Set: 6.5ms
[2022-04-20T23:01:09.644+0800][gc,phases   ] GC(19)   Other: 2.3ms
[2022-04-20T23:01:09.644+0800][gc,heap     ] GC(19) Eden regions: 1003->0(1003)
[2022-04-20T23:01:09.644+0800][gc,heap     ] GC(19) Survivor regions: 21->21(128)
[2022-04-20T23:01:09.644+0800][gc,heap     ] GC(19) Old regions: 34->34
[2022-04-20T23:01:09.644+0800][gc,heap     ] GC(19) Archive regions: 0->0
[2022-04-20T23:01:09.644+0800][gc,heap     ] GC(19) Humongous regions: 405->405
[2022-04-20T23:01:09.644+0800][gc,metaspace] GC(19) Metaspace: 80143K(80768K)->80143K(80768K) NonClass: 71479K(71808K)->71479K(71808K) Class: 8663K(8960K)->8663K(8960K)
[2022-04-20T23:01:09.644+0800][gc          ] GC(19) Pause Young (Normal) (G1 Evacuation Pause) 1462M->460M(2048M) 41.746ms
[2022-04-20T23:01:09.644+0800][gc,cpu      ] GC(19) User=0.02s Sys=0.03s Real=0.04s
[2022-04-21T08:58:09.500+0800][gc,start    ] GC(20) Pause Young (Normal) (G1 Evacuation Pause)
[2022-04-21T08:58:09.501+0800][gc,task     ] GC(20) Using 8 workers of 8 for evacuation
[2022-04-21T08:58:09.523+0800][gc,phases   ] GC(20)   Pre Evacuate Collection Set: 2.9ms
[2022-04-21T08:58:09.523+0800][gc,phases   ] GC(20)   Merge Heap Roots: 0.3ms
[2022-04-21T08:58:09.523+0800][gc,phases   ] GC(20)   Evacuate Collection Set: 16.6ms
[2022-04-21T08:58:09.523+0800][gc,phases   ] GC(20)   Post Evacuate Collection Set: 1.6ms
[2022-04-21T08:58:09.523+0800][gc,phases   ] GC(20)   Other: 2.3ms
[2022-04-21T08:58:09.523+0800][gc,heap     ] GC(20) Eden regions: 1003->0(1004)
[2022-04-21T08:58:09.523+0800][gc,heap     ] GC(20) Survivor regions: 21->20(128)
[2022-04-21T08:58:09.523+0800][gc,heap     ] GC(20) Old regions: 34->35
[2022-04-21T08:58:09.523+0800][gc,heap     ] GC(20) Archive regions: 0->0
[2022-04-21T08:58:09.523+0800][gc,heap     ] GC(20) Humongous regions: 405->405
[2022-04-21T08:58:09.523+0800][gc,metaspace] GC(20) Metaspace: 80159K(80768K)->80159K(80768K) NonClass: 71495K(71808K)->71495K(71808K) Class: 8664K(8960K)->8664K(8960K)
[2022-04-21T08:58:09.523+0800][gc          ] GC(20) Pause Young (Normal) (G1 Evacuation Pause) 1463M->459M(2048M) 23.590ms
[2022-04-21T08:58:09.523+0800][gc,cpu      ] GC(20) User=0.02s Sys=0.03s Real=0.02s
[2022-04-21T10:44:24.845+0800][gc,heap,exit] Heap
[2022-04-21T10:44:24.846+0800][gc,heap,exit]  garbage-first heap   total 2097152K, used 1133868K [0x0000000770000000, 0x00000007f0000000)
[2022-04-21T10:44:24.847+0800][gc,heap,exit]   region size 1024K, 669 young (685056K), 20 survivors (20480K)
[2022-04-21T10:44:24.847+0800][gc,heap,exit]  Metaspace       used 80477K, committed 81216K, reserved 335872K
[2022-04-21T10:44:24.848+0800][gc,heap,exit]   class space    used 8691K, committed 9024K, reserved 262144K
