[2022-04-19T13:14:13.696+0800][gc] Using G1
[2022-04-19T13:14:13.697+0800][gc,init] Version: 16.0.1+9 (release)
[2022-04-19T13:14:13.697+0800][gc,init] CPUs: 8 total, 8 available
[2022-04-19T13:14:13.697+0800][gc,init] Memory: 16384M
[2022-04-19T13:14:13.697+0800][gc,init] Large Page Support: Disabled
[2022-04-19T13:14:13.697+0800][gc,init] NUMA Support: Disabled
[2022-04-19T13:14:13.697+0800][gc,init] Compressed Oops: Enabled (Zero based)
[2022-04-19T13:14:13.697+0800][gc,init] Heap Region Size: 1M
[2022-04-19T13:14:13.697+0800][gc,init] Heap Min Capacity: 512M
[2022-04-19T13:14:13.697+0800][gc,init] Heap Initial Capacity: 512M
[2022-04-19T13:14:13.697+0800][gc,init] Heap Max Capacity: 512M
[2022-04-19T13:14:13.697+0800][gc,init] Pre-touch: Disabled
[2022-04-19T13:14:13.697+0800][gc,init] Parallel Workers: 8
[2022-04-19T13:14:13.697+0800][gc,init] Concurrent Workers: 2
[2022-04-19T13:14:13.697+0800][gc,init] Concurrent Refinement Workers: 8
[2022-04-19T13:14:13.697+0800][gc,init] Periodic GC: Disabled
[2022-04-19T13:14:13.697+0800][gc,metaspace] Compressed class space mapped at: 0x0000000300000000-0x0000000340000000, reserved size: 1073741824
[2022-04-19T13:14:13.697+0800][gc,metaspace] Narrow klass base: 0x0000000000000000, Narrow klass shift: 3, Narrow klass range: 0x340000000
[2022-04-19T13:14:14.184+0800][gc,start    ] GC(0) Pause Young (Normal) (G1 Evacuation Pause)
[2022-04-19T13:14:14.184+0800][gc,task     ] GC(0) Using 8 workers of 8 for evacuation
[2022-04-19T13:14:14.187+0800][gc,phases   ] GC(0)   Pre Evacuate Collection Set: 0.1ms
[2022-04-19T13:14:14.187+0800][gc,phases   ] GC(0)   Merge Heap Roots: 0.0ms
[2022-04-19T13:14:14.187+0800][gc,phases   ] GC(0)   Evacuate Collection Set: 2.6ms
[2022-04-19T13:14:14.187+0800][gc,phases   ] GC(0)   Post Evacuate Collection Set: 0.3ms
[2022-04-19T13:14:14.187+0800][gc,phases   ] GC(0)   Other: 0.3ms
[2022-04-19T13:14:14.187+0800][gc,heap     ] GC(0) Eden regions: 256->0(251)
[2022-04-19T13:14:14.187+0800][gc,heap     ] GC(0) Survivor regions: 0->5(32)
[2022-04-19T13:14:14.187+0800][gc,heap     ] GC(0) Old regions: 0->0
[2022-04-19T13:14:14.187+0800][gc,heap     ] GC(0) Archive regions: 0->0
[2022-04-19T13:14:14.187+0800][gc,heap     ] GC(0) Humongous regions: 0->0
[2022-04-19T13:14:14.187+0800][gc,metaspace] GC(0) Metaspace: 16310K(16576K)->16310K(16576K) NonClass: 14685K(14784K)->14685K(14784K) Class: 1625K(1792K)->1625K(1792K)
[2022-04-19T13:14:14.187+0800][gc          ] GC(0) Pause Young (Normal) (G1 Evacuation Pause) 256M->4M(512M) 3.402ms
[2022-04-19T13:14:14.187+0800][gc,cpu      ] GC(0) User=0.02s Sys=0.01s Real=0.00s
[2022-04-19T13:14:14.296+0800][gc,start    ] GC(1) Pause Young (Concurrent Start) (Metadata GC Threshold)
[2022-04-19T13:14:14.296+0800][gc,task     ] GC(1) Using 8 workers of 8 for evacuation
[2022-04-19T13:14:14.299+0800][gc,phases   ] GC(1)   Pre Evacuate Collection Set: 0.1ms
[2022-04-19T13:14:14.299+0800][gc,phases   ] GC(1)   Merge Heap Roots: 0.0ms
[2022-04-19T13:14:14.299+0800][gc,phases   ] GC(1)   Evacuate Collection Set: 2.3ms
[2022-04-19T13:14:14.299+0800][gc,phases   ] GC(1)   Post Evacuate Collection Set: 0.5ms
[2022-04-19T13:14:14.299+0800][gc,phases   ] GC(1)   Other: 0.1ms
[2022-04-19T13:14:14.299+0800][gc,heap     ] GC(1) Eden regions: 149->0(250)
[2022-04-19T13:14:14.299+0800][gc,heap     ] GC(1) Survivor regions: 5->6(32)
[2022-04-19T13:14:14.299+0800][gc,heap     ] GC(1) Old regions: 0->0
[2022-04-19T13:14:14.299+0800][gc,heap     ] GC(1) Archive regions: 0->0
[2022-04-19T13:14:14.299+0800][gc,heap     ] GC(1) Humongous regions: 0->0
[2022-04-19T13:14:14.299+0800][gc,metaspace] GC(1) Metaspace: 20979K(21248K)->20979K(21248K) NonClass: 18731K(18880K)->18731K(18880K) Class: 2247K(2368K)->2247K(2368K)
[2022-04-19T13:14:14.299+0800][gc          ] GC(1) Pause Young (Concurrent Start) (Metadata GC Threshold) 153M->5M(512M) 3.156ms
[2022-04-19T13:14:14.299+0800][gc,cpu      ] GC(1) User=0.02s Sys=0.00s Real=0.00s
[2022-04-19T13:14:14.299+0800][gc          ] GC(2) Concurrent Mark Cycle
[2022-04-19T13:14:14.300+0800][gc,marking  ] GC(2) Concurrent Clear Claimed Marks
[2022-04-19T13:14:14.300+0800][gc,marking  ] GC(2) Concurrent Clear Claimed Marks 0.046ms
[2022-04-19T13:14:14.300+0800][gc,marking  ] GC(2) Concurrent Scan Root Regions
[2022-04-19T13:14:14.301+0800][gc,marking  ] GC(2) Concurrent Scan Root Regions 1.593ms
[2022-04-19T13:14:14.301+0800][gc,marking  ] GC(2) Concurrent Mark
[2022-04-19T13:14:14.301+0800][gc,marking  ] GC(2) Concurrent Mark From Roots
[2022-04-19T13:14:14.301+0800][gc,task     ] GC(2) Using 2 workers of 2 for marking
[2022-04-19T13:14:14.301+0800][gc,marking  ] GC(2) Concurrent Mark From Roots 0.090ms
[2022-04-19T13:14:14.301+0800][gc,marking  ] GC(2) Concurrent Preclean
[2022-04-19T13:14:14.301+0800][gc,marking  ] GC(2) Concurrent Preclean 0.013ms
[2022-04-19T13:14:14.301+0800][gc,start    ] GC(2) Pause Remark
[2022-04-19T13:14:14.302+0800][gc          ] GC(2) Pause Remark 8M->8M(512M) 0.589ms
[2022-04-19T13:14:14.302+0800][gc,cpu      ] GC(2) User=0.00s Sys=0.00s Real=0.00s
[2022-04-19T13:14:14.302+0800][gc,marking  ] GC(2) Concurrent Mark 0.811ms
[2022-04-19T13:14:14.302+0800][gc,marking  ] GC(2) Concurrent Rebuild Remembered Sets
[2022-04-19T13:14:14.302+0800][gc,marking  ] GC(2) Concurrent Rebuild Remembered Sets 0.027ms
[2022-04-19T13:14:14.302+0800][gc,start    ] GC(2) Pause Cleanup
[2022-04-19T13:14:14.302+0800][gc          ] GC(2) Pause Cleanup 8M->8M(512M) 0.041ms
[2022-04-19T13:14:14.302+0800][gc,cpu      ] GC(2) User=0.00s Sys=0.00s Real=0.00s
[2022-04-19T13:14:14.302+0800][gc,marking  ] GC(2) Concurrent Cleanup for Next Mark
[2022-04-19T13:14:14.303+0800][gc,marking  ] GC(2) Concurrent Cleanup for Next Mark 0.942ms
[2022-04-19T13:14:14.303+0800][gc          ] GC(2) Concurrent Mark Cycle 3.627ms
[2022-04-19T13:14:14.481+0800][gc,start    ] GC(3) Pause Young (Normal) (G1 Evacuation Pause)
[2022-04-19T13:14:14.481+0800][gc,task     ] GC(3) Using 8 workers of 8 for evacuation
[2022-04-19T13:14:14.485+0800][gc,phases   ] GC(3)   Pre Evacuate Collection Set: 0.1ms
[2022-04-19T13:14:14.485+0800][gc,phases   ] GC(3)   Merge Heap Roots: 0.0ms
[2022-04-19T13:14:14.485+0800][gc,phases   ] GC(3)   Evacuate Collection Set: 3.2ms
[2022-04-19T13:14:14.485+0800][gc,phases   ] GC(3)   Post Evacuate Collection Set: 0.4ms
[2022-04-19T13:14:14.485+0800][gc,phases   ] GC(3)   Other: 0.1ms
[2022-04-19T13:14:14.485+0800][gc,heap     ] GC(3) Eden regions: 250->0(247)
[2022-04-19T13:14:14.485+0800][gc,heap     ] GC(3) Survivor regions: 6->9(32)
[2022-04-19T13:14:14.485+0800][gc,heap     ] GC(3) Old regions: 0->0
[2022-04-19T13:14:14.485+0800][gc,heap     ] GC(3) Archive regions: 0->0
[2022-04-19T13:14:14.485+0800][gc,heap     ] GC(3) Humongous regions: 0->0
[2022-04-19T13:14:14.485+0800][gc,metaspace] GC(3) Metaspace: 26703K(27072K)->26703K(27072K) NonClass: 23740K(23936K)->23740K(23936K) Class: 2962K(3136K)->2962K(3136K)
[2022-04-19T13:14:14.485+0800][gc          ] GC(3) Pause Young (Normal) (G1 Evacuation Pause) 255M->8M(512M) 3.919ms
[2022-04-19T13:14:14.485+0800][gc,cpu      ] GC(3) User=0.02s Sys=0.00s Real=0.00s
[2022-04-19T13:14:14.828+0800][gc,start    ] GC(4) Pause Young (Normal) (G1 Evacuation Pause)
[2022-04-19T13:14:14.828+0800][gc,task     ] GC(4) Using 8 workers of 8 for evacuation
[2022-04-19T13:14:14.833+0800][gc,phases   ] GC(4)   Pre Evacuate Collection Set: 0.0ms
[2022-04-19T13:14:14.833+0800][gc,phases   ] GC(4)   Merge Heap Roots: 0.0ms
[2022-04-19T13:14:14.833+0800][gc,phases   ] GC(4)   Evacuate Collection Set: 4.4ms
[2022-04-19T13:14:14.833+0800][gc,phases   ] GC(4)   Post Evacuate Collection Set: 0.6ms
[2022-04-19T13:14:14.833+0800][gc,phases   ] GC(4)   Other: 0.1ms
[2022-04-19T13:14:14.833+0800][gc,heap     ] GC(4) Eden regions: 247->0(243)
[2022-04-19T13:14:14.833+0800][gc,heap     ] GC(4) Survivor regions: 9->13(32)
[2022-04-19T13:14:14.833+0800][gc,heap     ] GC(4) Old regions: 0->0
[2022-04-19T13:14:14.833+0800][gc,heap     ] GC(4) Archive regions: 0->0
[2022-04-19T13:14:14.833+0800][gc,heap     ] GC(4) Humongous regions: 0->0
[2022-04-19T13:14:14.833+0800][gc,metaspace] GC(4) Metaspace: 30864K(31296K)->30864K(31296K) NonClass: 27436K(27648K)->27436K(27648K) Class: 3427K(3648K)->3427K(3648K)
[2022-04-19T13:14:14.833+0800][gc          ] GC(4) Pause Young (Normal) (G1 Evacuation Pause) 255M->12M(512M) 5.331ms
[2022-04-19T13:14:14.833+0800][gc,cpu      ] GC(4) User=0.02s Sys=0.00s Real=0.01s
[2022-04-19T13:14:14.946+0800][gc,start    ] GC(5) Pause Young (Normal) (G1 Evacuation Pause)
[2022-04-19T13:14:14.946+0800][gc,task     ] GC(5) Using 8 workers of 8 for evacuation
[2022-04-19T13:14:14.950+0800][gc,phases   ] GC(5)   Pre Evacuate Collection Set: 0.0ms
[2022-04-19T13:14:14.950+0800][gc,phases   ] GC(5)   Merge Heap Roots: 0.0ms
[2022-04-19T13:14:14.951+0800][gc,phases   ] GC(5)   Evacuate Collection Set: 4.3ms
[2022-04-19T13:14:14.951+0800][gc,phases   ] GC(5)   Post Evacuate Collection Set: 0.4ms
[2022-04-19T13:14:14.951+0800][gc,phases   ] GC(5)   Other: 0.1ms
[2022-04-19T13:14:14.951+0800][gc,heap     ] GC(5) Eden regions: 243->0(243)
[2022-04-19T13:14:14.951+0800][gc,heap     ] GC(5) Survivor regions: 13->13(32)
[2022-04-19T13:14:14.951+0800][gc,heap     ] GC(5) Old regions: 0->0
[2022-04-19T13:14:14.951+0800][gc,heap     ] GC(5) Archive regions: 0->0
[2022-04-19T13:14:14.951+0800][gc,heap     ] GC(5) Humongous regions: 0->0
[2022-04-19T13:14:14.951+0800][gc,metaspace] GC(5) Metaspace: 31776K(32192K)->31776K(32192K) NonClass: 28234K(28480K)->28234K(28480K) Class: 3542K(3712K)->3542K(3712K)
[2022-04-19T13:14:14.951+0800][gc          ] GC(5) Pause Young (Normal) (G1 Evacuation Pause) 255M->12M(512M) 4.865ms
[2022-04-19T13:14:14.951+0800][gc,cpu      ] GC(5) User=0.02s Sys=0.00s Real=0.01s
[2022-04-19T13:14:15.133+0800][gc,start    ] GC(6) Pause Young (Normal) (G1 Evacuation Pause)
[2022-04-19T13:14:15.133+0800][gc,task     ] GC(6) Using 8 workers of 8 for evacuation
[2022-04-19T13:14:15.138+0800][gc,phases   ] GC(6)   Pre Evacuate Collection Set: 0.1ms
[2022-04-19T13:14:15.138+0800][gc,phases   ] GC(6)   Merge Heap Roots: 0.0ms
[2022-04-19T13:14:15.138+0800][gc,phases   ] GC(6)   Evacuate Collection Set: 4.5ms
[2022-04-19T13:14:15.138+0800][gc,phases   ] GC(6)   Post Evacuate Collection Set: 0.5ms
[2022-04-19T13:14:15.138+0800][gc,phases   ] GC(6)   Other: 0.1ms
[2022-04-19T13:14:15.138+0800][gc,heap     ] GC(6) Eden regions: 243->0(241)
[2022-04-19T13:14:15.138+0800][gc,heap     ] GC(6) Survivor regions: 13->15(32)
[2022-04-19T13:14:15.138+0800][gc,heap     ] GC(6) Old regions: 0->0
[2022-04-19T13:14:15.138+0800][gc,heap     ] GC(6) Archive regions: 0->0
[2022-04-19T13:14:15.138+0800][gc,heap     ] GC(6) Humongous regions: 0->0
[2022-04-19T13:14:15.138+0800][gc,metaspace] GC(6) Metaspace: 32709K(33088K)->32709K(33088K) NonClass: 29036K(29248K)->29036K(29248K) Class: 3672K(3840K)->3672K(3840K)
[2022-04-19T13:14:15.138+0800][gc          ] GC(6) Pause Young (Normal) (G1 Evacuation Pause) 255M->14M(512M) 5.273ms
[2022-04-19T13:14:15.138+0800][gc,cpu      ] GC(6) User=0.03s Sys=0.00s Real=0.00s
[2022-04-19T13:14:15.347+0800][gc,start    ] GC(7) Pause Young (Concurrent Start) (Metadata GC Threshold)
[2022-04-19T13:14:15.347+0800][gc,task     ] GC(7) Using 8 workers of 8 for evacuation
[2022-04-19T13:14:15.352+0800][gc,phases   ] GC(7)   Pre Evacuate Collection Set: 0.1ms
[2022-04-19T13:14:15.352+0800][gc,phases   ] GC(7)   Merge Heap Roots: 0.0ms
[2022-04-19T13:14:15.352+0800][gc,phases   ] GC(7)   Evacuate Collection Set: 4.8ms
[2022-04-19T13:14:15.352+0800][gc,phases   ] GC(7)   Post Evacuate Collection Set: 0.6ms
[2022-04-19T13:14:15.352+0800][gc,phases   ] GC(7)   Other: 0.1ms
[2022-04-19T13:14:15.352+0800][gc,heap     ] GC(7) Eden regions: 147->0(240)
[2022-04-19T13:14:15.352+0800][gc,heap     ] GC(7) Survivor regions: 15->16(32)
[2022-04-19T13:14:15.352+0800][gc,heap     ] GC(7) Old regions: 0->0
[2022-04-19T13:14:15.352+0800][gc,heap     ] GC(7) Archive regions: 0->0
[2022-04-19T13:14:15.352+0800][gc,heap     ] GC(7) Humongous regions: 0->0
[2022-04-19T13:14:15.352+0800][gc,metaspace] GC(7) Metaspace: 35391K(35776K)->35391K(35776K) NonClass: 31334K(31552K)->31334K(31552K) Class: 4057K(4224K)->4057K(4224K)
[2022-04-19T13:14:15.352+0800][gc          ] GC(7) Pause Young (Concurrent Start) (Metadata GC Threshold) 161M->15M(512M) 5.646ms
[2022-04-19T13:14:15.352+0800][gc,cpu      ] GC(7) User=0.03s Sys=0.00s Real=0.01s
[2022-04-19T13:14:15.353+0800][gc          ] GC(8) Concurrent Mark Cycle
[2022-04-19T13:14:15.353+0800][gc,marking  ] GC(8) Concurrent Clear Claimed Marks
[2022-04-19T13:14:15.353+0800][gc,marking  ] GC(8) Concurrent Clear Claimed Marks 0.049ms
[2022-04-19T13:14:15.353+0800][gc,marking  ] GC(8) Concurrent Scan Root Regions
[2022-04-19T13:14:15.356+0800][gc,marking  ] GC(8) Concurrent Scan Root Regions 3.155ms
[2022-04-19T13:14:15.356+0800][gc,marking  ] GC(8) Concurrent Mark
[2022-04-19T13:14:15.356+0800][gc,marking  ] GC(8) Concurrent Mark From Roots
[2022-04-19T13:14:15.356+0800][gc,task     ] GC(8) Using 2 workers of 2 for marking
[2022-04-19T13:14:15.356+0800][gc,marking  ] GC(8) Concurrent Mark From Roots 0.083ms
[2022-04-19T13:14:15.356+0800][gc,marking  ] GC(8) Concurrent Preclean
[2022-04-19T13:14:15.356+0800][gc,marking  ] GC(8) Concurrent Preclean 0.013ms
[2022-04-19T13:14:15.356+0800][gc,start    ] GC(8) Pause Remark
[2022-04-19T13:14:15.357+0800][gc          ] GC(8) Pause Remark 17M->17M(512M) 1.121ms
[2022-04-19T13:14:15.357+0800][gc,cpu      ] GC(8) User=0.01s Sys=0.00s Real=0.00s
[2022-04-19T13:14:15.357+0800][gc,marking  ] GC(8) Concurrent Mark 1.386ms
[2022-04-19T13:14:15.357+0800][gc,marking  ] GC(8) Concurrent Rebuild Remembered Sets
[2022-04-19T13:14:15.357+0800][gc,marking  ] GC(8) Concurrent Rebuild Remembered Sets 0.032ms
[2022-04-19T13:14:15.357+0800][gc,start    ] GC(8) Pause Cleanup
[2022-04-19T13:14:15.357+0800][gc          ] GC(8) Pause Cleanup 17M->17M(512M) 0.057ms
[2022-04-19T13:14:15.357+0800][gc,cpu      ] GC(8) User=0.00s Sys=0.00s Real=0.00s
[2022-04-19T13:14:15.357+0800][gc,marking  ] GC(8) Concurrent Cleanup for Next Mark
[2022-04-19T13:14:15.358+0800][gc,marking  ] GC(8) Concurrent Cleanup for Next Mark 0.700ms
[2022-04-19T13:14:15.358+0800][gc          ] GC(8) Concurrent Mark Cycle 5.666ms
[2022-04-19T13:14:15.771+0800][gc,start    ] GC(9) Pause Young (Normal) (G1 Evacuation Pause)
[2022-04-19T13:14:15.771+0800][gc,task     ] GC(9) Using 8 workers of 8 for evacuation
[2022-04-19T13:14:15.779+0800][gc,phases   ] GC(9)   Pre Evacuate Collection Set: 0.1ms
[2022-04-19T13:14:15.779+0800][gc,phases   ] GC(9)   Merge Heap Roots: 0.1ms
[2022-04-19T13:14:15.779+0800][gc,phases   ] GC(9)   Evacuate Collection Set: 6.8ms
[2022-04-19T13:14:15.779+0800][gc,phases   ] GC(9)   Post Evacuate Collection Set: 0.8ms
[2022-04-19T13:14:15.779+0800][gc,phases   ] GC(9)   Other: 0.1ms
[2022-04-19T13:14:15.779+0800][gc,heap     ] GC(9) Eden regions: 240->0(232)
[2022-04-19T13:14:15.779+0800][gc,heap     ] GC(9) Survivor regions: 16->24(32)
[2022-04-19T13:14:15.779+0800][gc,heap     ] GC(9) Old regions: 0->0
[2022-04-19T13:14:15.779+0800][gc,heap     ] GC(9) Archive regions: 0->0
[2022-04-19T13:14:15.779+0800][gc,heap     ] GC(9) Humongous regions: 0->0
[2022-04-19T13:14:15.779+0800][gc,metaspace] GC(9) Metaspace: 42306K(42752K)->42306K(42752K) NonClass: 37408K(37632K)->37408K(37632K) Class: 4898K(5120K)->4898K(5120K)
[2022-04-19T13:14:15.779+0800][gc          ] GC(9) Pause Young (Normal) (G1 Evacuation Pause) 255M->23M(512M) 7.884ms
[2022-04-19T13:14:15.779+0800][gc,cpu      ] GC(9) User=0.05s Sys=0.00s Real=0.00s
[2022-04-19T13:14:16.364+0800][gc,start    ] GC(10) Pause Young (Normal) (G1 Evacuation Pause)
[2022-04-19T13:14:16.364+0800][gc,task     ] GC(10) Using 8 workers of 8 for evacuation
[2022-04-19T13:14:16.373+0800][gc,phases   ] GC(10)   Pre Evacuate Collection Set: 0.1ms
[2022-04-19T13:14:16.373+0800][gc,phases   ] GC(10)   Merge Heap Roots: 0.1ms
[2022-04-19T13:14:16.373+0800][gc,phases   ] GC(10)   Evacuate Collection Set: 8.5ms
[2022-04-19T13:14:16.373+0800][gc,phases   ] GC(10)   Post Evacuate Collection Set: 0.8ms
[2022-04-19T13:14:16.373+0800][gc,phases   ] GC(10)   Other: 0.1ms
[2022-04-19T13:14:16.373+0800][gc,heap     ] GC(10) Eden regions: 232->0(235)
[2022-04-19T13:14:16.373+0800][gc,heap     ] GC(10) Survivor regions: 24->21(32)
[2022-04-19T13:14:16.373+0800][gc,heap     ] GC(10) Old regions: 0->8
[2022-04-19T13:14:16.373+0800][gc,heap     ] GC(10) Archive regions: 0->0
[2022-04-19T13:14:16.373+0800][gc,heap     ] GC(10) Humongous regions: 0->0
[2022-04-19T13:14:16.373+0800][gc,metaspace] GC(10) Metaspace: 50140K(50624K)->50140K(50624K) NonClass: 44304K(44544K)->44304K(44544K) Class: 5836K(6080K)->5836K(6080K)
[2022-04-19T13:14:16.373+0800][gc          ] GC(10) Pause Young (Normal) (G1 Evacuation Pause) 255M->27M(512M) 9.621ms
[2022-04-19T13:14:16.373+0800][gc,cpu      ] GC(10) User=0.05s Sys=0.00s Real=0.01s
[2022-04-19T13:14:17.000+0800][gc,start    ] GC(11) Pause Young (Concurrent Start) (Metadata GC Threshold)
[2022-04-19T13:14:17.000+0800][gc,task     ] GC(11) Using 8 workers of 8 for evacuation
[2022-04-19T13:14:17.008+0800][gc,phases   ] GC(11)   Pre Evacuate Collection Set: 0.1ms
[2022-04-19T13:14:17.008+0800][gc,phases   ] GC(11)   Merge Heap Roots: 0.0ms
[2022-04-19T13:14:17.008+0800][gc,phases   ] GC(11)   Evacuate Collection Set: 7.4ms
[2022-04-19T13:14:17.008+0800][gc,phases   ] GC(11)   Post Evacuate Collection Set: 0.6ms
[2022-04-19T13:14:17.008+0800][gc,phases   ] GC(11)   Other: 0.1ms
[2022-04-19T13:14:17.008+0800][gc,heap     ] GC(11) Eden regions: 234->0(234)
[2022-04-19T13:14:17.008+0800][gc,heap     ] GC(11) Survivor regions: 21->22(32)
[2022-04-19T13:14:17.008+0800][gc,heap     ] GC(11) Old regions: 8->12
[2022-04-19T13:14:17.008+0800][gc,heap     ] GC(11) Archive regions: 0->0
[2022-04-19T13:14:17.008+0800][gc,heap     ] GC(11) Humongous regions: 0->0
[2022-04-19T13:14:17.008+0800][gc,metaspace] GC(11) Metaspace: 59262K(59776K)->59262K(59776K) NonClass: 52495K(52736K)->52495K(52736K) Class: 6767K(7040K)->6767K(7040K)
[2022-04-19T13:14:17.008+0800][gc          ] GC(11) Pause Young (Concurrent Start) (Metadata GC Threshold) 261M->33M(512M) 8.261ms
[2022-04-19T13:14:17.008+0800][gc,cpu      ] GC(11) User=0.03s Sys=0.00s Real=0.00s
[2022-04-19T13:14:17.008+0800][gc          ] GC(12) Concurrent Mark Cycle
[2022-04-19T13:14:17.008+0800][gc,marking  ] GC(12) Concurrent Clear Claimed Marks
[2022-04-19T13:14:17.008+0800][gc,marking  ] GC(12) Concurrent Clear Claimed Marks 0.038ms
[2022-04-19T13:14:17.008+0800][gc,marking  ] GC(12) Concurrent Scan Root Regions
[2022-04-19T13:14:17.013+0800][gc,marking  ] GC(12) Concurrent Scan Root Regions 4.607ms
[2022-04-19T13:14:17.013+0800][gc,marking  ] GC(12) Concurrent Mark
[2022-04-19T13:14:17.013+0800][gc,marking  ] GC(12) Concurrent Mark From Roots
[2022-04-19T13:14:17.013+0800][gc,task     ] GC(12) Using 2 workers of 2 for marking
[2022-04-19T13:14:17.017+0800][gc,marking  ] GC(12) Concurrent Mark From Roots 3.750ms
[2022-04-19T13:14:17.017+0800][gc,marking  ] GC(12) Concurrent Preclean
[2022-04-19T13:14:17.017+0800][gc,marking  ] GC(12) Concurrent Preclean 0.038ms
[2022-04-19T13:14:17.017+0800][gc,start    ] GC(12) Pause Remark
[2022-04-19T13:14:17.020+0800][gc          ] GC(12) Pause Remark 34M->34M(512M) 3.193ms
[2022-04-19T13:14:17.020+0800][gc,cpu      ] GC(12) User=0.01s Sys=0.01s Real=0.01s
[2022-04-19T13:14:17.021+0800][gc,marking  ] GC(12) Concurrent Mark 7.833ms
[2022-04-19T13:14:17.021+0800][gc,marking  ] GC(12) Concurrent Rebuild Remembered Sets
[2022-04-19T13:14:17.025+0800][gc,marking  ] GC(12) Concurrent Rebuild Remembered Sets 4.132ms
[2022-04-19T13:14:17.025+0800][gc,start    ] GC(12) Pause Cleanup
[2022-04-19T13:14:17.025+0800][gc          ] GC(12) Pause Cleanup 37M->37M(512M) 0.116ms
[2022-04-19T13:14:17.025+0800][gc,cpu      ] GC(12) User=0.00s Sys=0.00s Real=0.00s
[2022-04-19T13:14:17.025+0800][gc,marking  ] GC(12) Concurrent Cleanup for Next Mark
[2022-04-19T13:14:17.026+0800][gc,marking  ] GC(12) Concurrent Cleanup for Next Mark 0.884ms
[2022-04-19T13:14:17.026+0800][gc          ] GC(12) Concurrent Mark Cycle 18.044ms
[2022-04-19T13:14:17.591+0800][gc,start    ] GC(13) Pause Young (Normal) (G1 Evacuation Pause)
[2022-04-19T13:14:17.591+0800][gc,task     ] GC(13) Using 8 workers of 8 for evacuation
[2022-04-19T13:14:17.599+0800][gc,phases   ] GC(13)   Pre Evacuate Collection Set: 0.1ms
[2022-04-19T13:14:17.599+0800][gc,phases   ] GC(13)   Merge Heap Roots: 0.1ms
[2022-04-19T13:14:17.599+0800][gc,phases   ] GC(13)   Evacuate Collection Set: 7.1ms
[2022-04-19T13:14:17.599+0800][gc,phases   ] GC(13)   Post Evacuate Collection Set: 0.7ms
[2022-04-19T13:14:17.599+0800][gc,phases   ] GC(13)   Other: 0.1ms
[2022-04-19T13:14:17.599+0800][gc,heap     ] GC(13) Eden regions: 234->0(238)
[2022-04-19T13:14:17.599+0800][gc,heap     ] GC(13) Survivor regions: 22->18(32)
[2022-04-19T13:14:17.599+0800][gc,heap     ] GC(13) Old regions: 12->23
[2022-04-19T13:14:17.599+0800][gc,heap     ] GC(13) Archive regions: 0->0
[2022-04-19T13:14:17.599+0800][gc,heap     ] GC(13) Humongous regions: 0->0
[2022-04-19T13:14:17.599+0800][gc,metaspace] GC(13) Metaspace: 67130K(67776K)->67130K(67776K) NonClass: 59357K(59648K)->59357K(59648K) Class: 7773K(8128K)->7773K(8128K)
[2022-04-19T13:14:17.599+0800][gc          ] GC(13) Pause Young (Normal) (G1 Evacuation Pause) 267M->40M(512M) 8.201ms
[2022-04-19T13:14:17.599+0800][gc,cpu      ] GC(13) User=0.04s Sys=0.00s Real=0.00s
[2022-04-19T13:14:18.767+0800][gc,start    ] GC(14) Pause Young (Normal) (G1 Evacuation Pause)
[2022-04-19T13:14:18.767+0800][gc,task     ] GC(14) Using 8 workers of 8 for evacuation
[2022-04-19T13:14:18.784+0800][gc,phases   ] GC(14)   Pre Evacuate Collection Set: 0.2ms
[2022-04-19T13:14:18.784+0800][gc,phases   ] GC(14)   Merge Heap Roots: 0.1ms
[2022-04-19T13:14:18.784+0800][gc,phases   ] GC(14)   Evacuate Collection Set: 15.7ms
[2022-04-19T13:14:18.784+0800][gc,phases   ] GC(14)   Post Evacuate Collection Set: 0.4ms
[2022-04-19T13:14:18.784+0800][gc,phases   ] GC(14)   Other: 0.2ms
[2022-04-19T13:14:18.784+0800][gc,heap     ] GC(14) Eden regions: 238->0(237)
[2022-04-19T13:14:18.784+0800][gc,heap     ] GC(14) Survivor regions: 18->19(32)
[2022-04-19T13:14:18.784+0800][gc,heap     ] GC(14) Old regions: 23->23
[2022-04-19T13:14:18.784+0800][gc,heap     ] GC(14) Archive regions: 0->0
[2022-04-19T13:14:18.784+0800][gc,heap     ] GC(14) Humongous regions: 2->2
[2022-04-19T13:14:18.784+0800][gc,metaspace] GC(14) Metaspace: 71993K(72576K)->71993K(72576K) NonClass: 63558K(63872K)->63558K(63872K) Class: 8434K(8704K)->8434K(8704K)
[2022-04-19T13:14:18.784+0800][gc          ] GC(14) Pause Young (Normal) (G1 Evacuation Pause) 280M->42M(512M) 16.704ms
[2022-04-19T13:14:18.784+0800][gc,cpu      ] GC(14) User=0.04s Sys=0.00s Real=0.02s
[2022-04-19T13:15:54.670+0800][gc,heap,exit] Heap
[2022-04-19T13:15:54.670+0800][gc,heap,exit]  garbage-first heap   total 524288K, used 99224K [0x00000007a0000000, 0x00000007c0000000)
[2022-04-19T13:15:54.670+0800][gc,heap,exit]   region size 1024K, 74 young (75776K), 19 survivors (19456K)
[2022-04-19T13:15:54.670+0800][gc,heap,exit]  Metaspace       used 73864K, committed 74560K, reserved 1122304K
[2022-04-19T13:15:54.670+0800][gc,heap,exit]   class space    used 8594K, committed 8960K, reserved 1048576K
