[2022-04-19T14:17:49.201+0800][gc] Using G1
[2022-04-19T14:17:49.204+0800][gc,init] Version: 16.0.1+9 (release)
[2022-04-19T14:17:49.204+0800][gc,init] CPUs: 8 total, 8 available
[2022-04-19T14:17:49.204+0800][gc,init] Memory: 16384M
[2022-04-19T14:17:49.204+0800][gc,init] Large Page Support: Disabled
[2022-04-19T14:17:49.204+0800][gc,init] NUMA Support: Disabled
[2022-04-19T14:17:49.204+0800][gc,init] Compressed Oops: Enabled (Zero based)
[2022-04-19T14:17:49.204+0800][gc,init] Heap Region Size: 1M
[2022-04-19T14:17:49.204+0800][gc,init] Heap Min Capacity: 2G
[2022-04-19T14:17:49.204+0800][gc,init] Heap Initial Capacity: 2G
[2022-04-19T14:17:49.204+0800][gc,init] Heap Max Capacity: 2G
[2022-04-19T14:17:49.204+0800][gc,init] Pre-touch: Disabled
[2022-04-19T14:17:49.204+0800][gc,init] Parallel Workers: 8
[2022-04-19T14:17:49.204+0800][gc,init] Concurrent Workers: 2
[2022-04-19T14:17:49.204+0800][gc,init] Concurrent Refinement Workers: 8
[2022-04-19T14:17:49.204+0800][gc,init] Periodic GC: Disabled
[2022-04-19T14:17:49.204+0800][gc,metaspace] Compressed class space mapped at: 0x0000000300000000-0x0000000310000000, reserved size: 268435456
[2022-04-19T14:17:49.204+0800][gc,metaspace] Narrow klass base: 0x0000000000000000, Narrow klass shift: 3, Narrow klass range: 0x310000000
[2022-04-19T14:17:50.701+0800][gc,start    ] GC(0) Pause Young (Normal) (G1 Evacuation Pause)
[2022-04-19T14:17:50.701+0800][gc,task     ] GC(0) Using 8 workers of 8 for evacuation
[2022-04-19T14:17:50.709+0800][gc,phases   ] GC(0)   Pre Evacuate Collection Set: 0.3ms
[2022-04-19T14:17:50.709+0800][gc,phases   ] GC(0)   Merge Heap Roots: 0.2ms
[2022-04-19T14:17:50.709+0800][gc,phases   ] GC(0)   Evacuate Collection Set: 6.0ms
[2022-04-19T14:17:50.709+0800][gc,phases   ] GC(0)   Post Evacuate Collection Set: 1.1ms
[2022-04-19T14:17:50.709+0800][gc,phases   ] GC(0)   Other: 0.4ms
[2022-04-19T14:17:50.709+0800][gc,heap     ] GC(0) Eden regions: 1024->0(1011)
[2022-04-19T14:17:50.709+0800][gc,heap     ] GC(0) Survivor regions: 0->13(128)
[2022-04-19T14:17:50.709+0800][gc,heap     ] GC(0) Old regions: 0->0
[2022-04-19T14:17:50.709+0800][gc,heap     ] GC(0) Archive regions: 0->0
[2022-04-19T14:17:50.709+0800][gc,heap     ] GC(0) Humongous regions: 0->0
[2022-04-19T14:17:50.709+0800][gc,metaspace] GC(0) Metaspace: 31827K(32320K)->31827K(32320K) NonClass: 28283K(28544K)->28283K(28544K) Class: 3543K(3776K)->3543K(3776K)
[2022-04-19T14:17:50.709+0800][gc          ] GC(0) Pause Young (Normal) (G1 Evacuation Pause) 1024M->12M(2048M) 8.096ms
[2022-04-19T14:17:50.709+0800][gc,cpu      ] GC(0) User=0.04s Sys=0.01s Real=0.00s
[2022-04-19T14:17:53.177+0800][gc,start    ] GC(1) Pause Young (Normal) (G1 Evacuation Pause)
[2022-04-19T14:17:53.177+0800][gc,task     ] GC(1) Using 8 workers of 8 for evacuation
[2022-04-19T14:17:53.192+0800][gc,phases   ] GC(1)   Pre Evacuate Collection Set: 0.2ms
[2022-04-19T14:17:53.192+0800][gc,phases   ] GC(1)   Merge Heap Roots: 0.1ms
[2022-04-19T14:17:53.192+0800][gc,phases   ] GC(1)   Evacuate Collection Set: 13.1ms
[2022-04-19T14:17:53.192+0800][gc,phases   ] GC(1)   Post Evacuate Collection Set: 1.7ms
[2022-04-19T14:17:53.192+0800][gc,phases   ] GC(1)   Other: 0.1ms
[2022-04-19T14:17:53.192+0800][gc,heap     ] GC(1) Eden regions: 1011->0(991)
[2022-04-19T14:17:53.192+0800][gc,heap     ] GC(1) Survivor regions: 13->33(128)
[2022-04-19T14:17:53.192+0800][gc,heap     ] GC(1) Old regions: 0->0
[2022-04-19T14:17:53.192+0800][gc,heap     ] GC(1) Archive regions: 0->0
[2022-04-19T14:17:53.192+0800][gc,heap     ] GC(1) Humongous regions: 0->0
[2022-04-19T14:17:53.192+0800][gc,metaspace] GC(1) Metaspace: 59363K(59840K)->59363K(59840K) NonClass: 52586K(52800K)->52586K(52800K) Class: 6777K(7040K)->6777K(7040K)
[2022-04-19T14:17:53.192+0800][gc          ] GC(1) Pause Young (Normal) (G1 Evacuation Pause) 1023M->32M(2048M) 15.320ms
[2022-04-19T14:17:53.192+0800][gc,cpu      ] GC(1) User=0.09s Sys=0.00s Real=0.02s
[2022-04-19T15:15:16.963+0800][gc,start    ] GC(2) Pause Young (Normal) (G1 Evacuation Pause)
[2022-04-19T15:15:16.964+0800][gc,task     ] GC(2) Using 8 workers of 8 for evacuation
[2022-04-19T15:15:17.048+0800][gc,phases   ] GC(2)   Pre Evacuate Collection Set: 1.0ms
[2022-04-19T15:15:17.048+0800][gc,phases   ] GC(2)   Merge Heap Roots: 0.2ms
[2022-04-19T15:15:17.048+0800][gc,phases   ] GC(2)   Evacuate Collection Set: 79.0ms
[2022-04-19T15:15:17.048+0800][gc,phases   ] GC(2)   Post Evacuate Collection Set: 4.0ms
[2022-04-19T15:15:17.048+0800][gc,phases   ] GC(2)   Other: 0.9ms
[2022-04-19T15:15:17.048+0800][gc,heap     ] GC(2) Eden regions: 991->0(987)
[2022-04-19T15:15:17.048+0800][gc,heap     ] GC(2) Survivor regions: 33->37(128)
[2022-04-19T15:15:17.048+0800][gc,heap     ] GC(2) Old regions: 0->0
[2022-04-19T15:15:17.048+0800][gc,heap     ] GC(2) Archive regions: 0->0
[2022-04-19T15:15:17.048+0800][gc,heap     ] GC(2) Humongous regions: 7->7
[2022-04-19T15:15:17.048+0800][gc,metaspace] GC(2) Metaspace: 78553K(79168K)->78553K(79168K) NonClass: 69903K(70208K)->69903K(70208K) Class: 8649K(8960K)->8649K(8960K)
[2022-04-19T15:15:17.048+0800][gc          ] GC(2) Pause Young (Normal) (G1 Evacuation Pause) 1030M->44M(2048M) 85.156ms
[2022-04-19T15:15:17.049+0800][gc,cpu      ] GC(2) User=0.13s Sys=0.13s Real=0.08s
[2022-04-19T16:53:27.197+0800][gc,start    ] GC(3) Pause Young (Normal) (G1 Evacuation Pause)
[2022-04-19T16:53:27.199+0800][gc,task     ] GC(3) Using 8 workers of 8 for evacuation
[2022-04-19T16:53:27.266+0800][gc,phases   ] GC(3)   Pre Evacuate Collection Set: 0.7ms
[2022-04-19T16:53:27.267+0800][gc,phases   ] GC(3)   Merge Heap Roots: 0.2ms
[2022-04-19T16:53:27.267+0800][gc,phases   ] GC(3)   Evacuate Collection Set: 61.8ms
[2022-04-19T16:53:27.267+0800][gc,phases   ] GC(3)   Post Evacuate Collection Set: 4.9ms
[2022-04-19T16:53:27.267+0800][gc,phases   ] GC(3)   Other: 1.6ms
[2022-04-19T16:53:27.267+0800][gc,heap     ] GC(3) Eden regions: 987->0(990)
[2022-04-19T16:53:27.267+0800][gc,heap     ] GC(3) Survivor regions: 37->34(128)
[2022-04-19T16:53:27.267+0800][gc,heap     ] GC(3) Old regions: 0->0
[2022-04-19T16:53:27.267+0800][gc,heap     ] GC(3) Archive regions: 0->0
[2022-04-19T16:53:27.267+0800][gc,heap     ] GC(3) Humongous regions: 9->9
[2022-04-19T16:53:27.267+0800][gc,metaspace] GC(3) Metaspace: 79617K(80256K)->79617K(80256K) NonClass: 70919K(71232K)->70919K(71232K) Class: 8698K(9024K)->8698K(9024K)
[2022-04-19T16:53:27.267+0800][gc          ] GC(3) Pause Young (Normal) (G1 Evacuation Pause) 1033M->43M(2048M) 69.266ms
[2022-04-19T16:53:27.267+0800][gc,cpu      ] GC(3) User=0.11s Sys=0.07s Real=0.07s
[2022-04-19T18:28:22.888+0800][gc,start    ] GC(4) Pause Young (Normal) (G1 Evacuation Pause)
[2022-04-19T18:28:22.889+0800][gc,task     ] GC(4) Using 8 workers of 8 for evacuation
[2022-04-19T18:28:22.965+0800][gc,phases   ] GC(4)   Pre Evacuate Collection Set: 0.9ms
[2022-04-19T18:28:22.966+0800][gc,phases   ] GC(4)   Merge Heap Roots: 0.1ms
[2022-04-19T18:28:22.966+0800][gc,phases   ] GC(4)   Evacuate Collection Set: 70.7ms
[2022-04-19T18:28:22.966+0800][gc,phases   ] GC(4)   Post Evacuate Collection Set: 4.2ms
[2022-04-19T18:28:22.966+0800][gc,phases   ] GC(4)   Other: 1.6ms
[2022-04-19T18:28:22.966+0800][gc,heap     ] GC(4) Eden regions: 990->0(990)
[2022-04-19T18:28:22.966+0800][gc,heap     ] GC(4) Survivor regions: 34->34(128)
[2022-04-19T18:28:22.966+0800][gc,heap     ] GC(4) Old regions: 0->0
[2022-04-19T18:28:22.966+0800][gc,heap     ] GC(4) Archive regions: 0->0
[2022-04-19T18:28:22.966+0800][gc,heap     ] GC(4) Humongous regions: 13->13
[2022-04-19T18:28:22.966+0800][gc,metaspace] GC(4) Metaspace: 79803K(80448K)->79803K(80448K) NonClass: 71101K(71424K)->71101K(71424K) Class: 8702K(9024K)->8702K(9024K)
[2022-04-19T18:28:22.966+0800][gc          ] GC(4) Pause Young (Normal) (G1 Evacuation Pause) 1037M->47M(2048M) 77.549ms
[2022-04-19T18:28:22.966+0800][gc,cpu      ] GC(4) User=0.09s Sys=0.09s Real=0.08s
[2022-04-19T19:24:58.748+0800][gc,start    ] GC(5) Pause Young (Normal) (G1 Evacuation Pause)
[2022-04-19T19:24:58.748+0800][gc,task     ] GC(5) Using 8 workers of 8 for evacuation
[2022-04-19T19:24:58.816+0800][gc,phases   ] GC(5)   Pre Evacuate Collection Set: 2.3ms
[2022-04-19T19:24:58.816+0800][gc,phases   ] GC(5)   Merge Heap Roots: 0.2ms
[2022-04-19T19:24:58.816+0800][gc,phases   ] GC(5)   Evacuate Collection Set: 61.7ms
[2022-04-19T19:24:58.816+0800][gc,phases   ] GC(5)   Post Evacuate Collection Set: 3.7ms
[2022-04-19T19:24:58.816+0800][gc,phases   ] GC(5)   Other: 0.6ms
[2022-04-19T19:24:58.816+0800][gc,heap     ] GC(5) Eden regions: 990->0(989)
[2022-04-19T19:24:58.816+0800][gc,heap     ] GC(5) Survivor regions: 34->35(128)
[2022-04-19T19:24:58.816+0800][gc,heap     ] GC(5) Old regions: 0->0
[2022-04-19T19:24:58.816+0800][gc,heap     ] GC(5) Archive regions: 0->0
[2022-04-19T19:24:58.816+0800][gc,heap     ] GC(5) Humongous regions: 13->13
[2022-04-19T19:24:58.816+0800][gc,metaspace] GC(5) Metaspace: 79980K(80704K)->79980K(80704K) NonClass: 71277K(71680K)->71277K(71680K) Class: 8702K(9024K)->8702K(9024K)
[2022-04-19T19:24:58.816+0800][gc          ] GC(5) Pause Young (Normal) (G1 Evacuation Pause) 1037M->47M(2048M) 68.452ms
[2022-04-19T19:24:58.816+0800][gc,cpu      ] GC(5) User=0.09s Sys=0.09s Real=0.07s
[2022-04-19T20:30:18.295+0800][gc,start    ] GC(6) Pause Young (Normal) (G1 Evacuation Pause)
[2022-04-19T20:30:18.295+0800][gc,task     ] GC(6) Using 8 workers of 8 for evacuation
[2022-04-19T20:30:18.367+0800][gc,phases   ] GC(6)   Pre Evacuate Collection Set: 2.0ms
[2022-04-19T20:30:18.367+0800][gc,phases   ] GC(6)   Merge Heap Roots: 0.6ms
[2022-04-19T20:30:18.367+0800][gc,phases   ] GC(6)   Evacuate Collection Set: 62.3ms
[2022-04-19T20:30:18.367+0800][gc,phases   ] GC(6)   Post Evacuate Collection Set: 6.5ms
[2022-04-19T20:30:18.367+0800][gc,phases   ] GC(6)   Other: 0.6ms
[2022-04-19T20:30:18.367+0800][gc,heap     ] GC(6) Eden regions: 989->0(989)
[2022-04-19T20:30:18.367+0800][gc,heap     ] GC(6) Survivor regions: 35->35(128)
[2022-04-19T20:30:18.367+0800][gc,heap     ] GC(6) Old regions: 0->0
[2022-04-19T20:30:18.367+0800][gc,heap     ] GC(6) Archive regions: 0->0
[2022-04-19T20:30:18.367+0800][gc,heap     ] GC(6) Humongous regions: 13->13
[2022-04-19T20:30:18.367+0800][gc,metaspace] GC(6) Metaspace: 80129K(80768K)->80129K(80768K) NonClass: 71421K(71744K)->71421K(71744K) Class: 8708K(9024K)->8708K(9024K)
[2022-04-19T20:30:18.367+0800][gc          ] GC(6) Pause Young (Normal) (G1 Evacuation Pause) 1036M->47M(2048M) 72.095ms
[2022-04-19T20:30:18.367+0800][gc,cpu      ] GC(6) User=0.10s Sys=0.09s Real=0.07s
[2022-04-19T21:29:07.296+0800][gc,start    ] GC(7) Pause Young (Normal) (G1 Evacuation Pause)
[2022-04-19T21:29:07.297+0800][gc,task     ] GC(7) Using 8 workers of 8 for evacuation
[2022-04-19T21:29:07.383+0800][gc,phases   ] GC(7)   Pre Evacuate Collection Set: 14.0ms
[2022-04-19T21:29:07.383+0800][gc,phases   ] GC(7)   Merge Heap Roots: 0.3ms
[2022-04-19T21:29:07.383+0800][gc,phases   ] GC(7)   Evacuate Collection Set: 65.6ms
[2022-04-19T21:29:07.383+0800][gc,phases   ] GC(7)   Post Evacuate Collection Set: 6.2ms
[2022-04-19T21:29:07.383+0800][gc,phases   ] GC(7)   Other: 0.7ms
[2022-04-19T21:29:07.383+0800][gc,heap     ] GC(7) Eden regions: 989->0(989)
[2022-04-19T21:29:07.383+0800][gc,heap     ] GC(7) Survivor regions: 35->35(128)
[2022-04-19T21:29:07.383+0800][gc,heap     ] GC(7) Old regions: 0->0
[2022-04-19T21:29:07.383+0800][gc,heap     ] GC(7) Archive regions: 0->0
[2022-04-19T21:29:07.383+0800][gc,heap     ] GC(7) Humongous regions: 15->15
[2022-04-19T21:29:07.383+0800][gc,metaspace] GC(7) Metaspace: 80244K(80960K)->80244K(80960K) NonClass: 71536K(71936K)->71536K(71936K) Class: 8708K(9024K)->8708K(9024K)
[2022-04-19T21:29:07.383+0800][gc          ] GC(7) Pause Young (Normal) (G1 Evacuation Pause) 1038M->49M(2048M) 86.927ms
[2022-04-19T21:29:07.383+0800][gc,cpu      ] GC(7) User=0.09s Sys=0.09s Real=0.09s
[2022-04-19T22:43:55.011+0800][gc,start    ] GC(8) Pause Young (Normal) (G1 Evacuation Pause)
[2022-04-19T22:43:55.012+0800][gc,task     ] GC(8) Using 8 workers of 8 for evacuation
[2022-04-19T22:43:55.069+0800][gc,phases   ] GC(8)   Pre Evacuate Collection Set: 0.8ms
[2022-04-19T22:43:55.070+0800][gc,phases   ] GC(8)   Merge Heap Roots: 0.2ms
[2022-04-19T22:43:55.070+0800][gc,phases   ] GC(8)   Evacuate Collection Set: 53.9ms
[2022-04-19T22:43:55.070+0800][gc,phases   ] GC(8)   Post Evacuate Collection Set: 2.6ms
[2022-04-19T22:43:55.070+0800][gc,phases   ] GC(8)   Other: 1.6ms
[2022-04-19T22:43:55.070+0800][gc,heap     ] GC(8) Eden regions: 989->0(989)
[2022-04-19T22:43:55.070+0800][gc,heap     ] GC(8) Survivor regions: 35->35(128)
[2022-04-19T22:43:55.070+0800][gc,heap     ] GC(8) Old regions: 0->0
[2022-04-19T22:43:55.070+0800][gc,heap     ] GC(8) Archive regions: 0->0
[2022-04-19T22:43:55.070+0800][gc,heap     ] GC(8) Humongous regions: 15->15
[2022-04-19T22:43:55.070+0800][gc,metaspace] GC(8) Metaspace: 80295K(80960K)->80295K(80960K) NonClass: 71584K(71936K)->71584K(71936K) Class: 8710K(9024K)->8710K(9024K)
[2022-04-19T22:43:55.070+0800][gc          ] GC(8) Pause Young (Normal) (G1 Evacuation Pause) 1038M->49M(2048M) 59.005ms
[2022-04-19T22:43:55.070+0800][gc,cpu      ] GC(8) User=0.11s Sys=0.08s Real=0.06s
[2022-04-20T10:50:27.824+0800][gc,start    ] GC(9) Pause Young (Normal) (G1 Evacuation Pause)
[2022-04-20T10:50:27.825+0800][gc,task     ] GC(9) Using 8 workers of 8 for evacuation
[2022-04-20T10:50:27.909+0800][gc,phases   ] GC(9)   Pre Evacuate Collection Set: 0.7ms
[2022-04-20T10:50:27.909+0800][gc,phases   ] GC(9)   Merge Heap Roots: 0.2ms
[2022-04-20T10:50:27.909+0800][gc,phases   ] GC(9)   Evacuate Collection Set: 78.8ms
[2022-04-20T10:50:27.909+0800][gc,phases   ] GC(9)   Post Evacuate Collection Set: 3.6ms
[2022-04-20T10:50:27.909+0800][gc,phases   ] GC(9)   Other: 1.7ms
[2022-04-20T10:50:27.909+0800][gc,heap     ] GC(9) Eden regions: 989->0(990)
[2022-04-20T10:50:27.909+0800][gc,heap     ] GC(9) Survivor regions: 35->34(128)
[2022-04-20T10:50:27.909+0800][gc,heap     ] GC(9) Old regions: 0->0
[2022-04-20T10:50:27.909+0800][gc,heap     ] GC(9) Archive regions: 0->0
[2022-04-20T10:50:27.909+0800][gc,heap     ] GC(9) Humongous regions: 15->15
[2022-04-20T10:50:27.909+0800][gc,metaspace] GC(9) Metaspace: 80372K(81024K)->80372K(81024K) NonClass: 71662K(72000K)->71662K(72000K) Class: 8710K(9024K)->8710K(9024K)
[2022-04-20T10:50:27.909+0800][gc          ] GC(9) Pause Young (Normal) (G1 Evacuation Pause) 1038M->48M(2048M) 84.865ms
[2022-04-20T10:50:27.909+0800][gc,cpu      ] GC(9) User=0.11s Sys=0.09s Real=0.08s
[2022-04-20T12:04:01.831+0800][gc,start    ] GC(10) Pause Young (Normal) (G1 Evacuation Pause)
[2022-04-20T12:04:01.832+0800][gc,task     ] GC(10) Using 8 workers of 8 for evacuation
[2022-04-20T12:04:01.925+0800][gc,phases   ] GC(10)   Pre Evacuate Collection Set: 0.8ms
[2022-04-20T12:04:01.925+0800][gc,phases   ] GC(10)   Merge Heap Roots: 0.7ms
[2022-04-20T12:04:01.925+0800][gc,phases   ] GC(10)   Evacuate Collection Set: 84.6ms
[2022-04-20T12:04:01.925+0800][gc,phases   ] GC(10)   Post Evacuate Collection Set: 6.6ms
[2022-04-20T12:04:01.925+0800][gc,phases   ] GC(10)   Other: 1.8ms
[2022-04-20T12:04:01.925+0800][gc,heap     ] GC(10) Eden regions: 990->0(990)
[2022-04-20T12:04:01.925+0800][gc,heap     ] GC(10) Survivor regions: 34->34(128)
[2022-04-20T12:04:01.925+0800][gc,heap     ] GC(10) Old regions: 0->0
[2022-04-20T12:04:01.925+0800][gc,heap     ] GC(10) Archive regions: 0->0
[2022-04-20T12:04:01.925+0800][gc,heap     ] GC(10) Humongous regions: 15->15
[2022-04-20T12:04:01.925+0800][gc,metaspace] GC(10) Metaspace: 80380K(81024K)->80380K(81024K) NonClass: 71668K(72000K)->71668K(72000K) Class: 8711K(9024K)->8711K(9024K)
[2022-04-20T12:04:01.926+0800][gc          ] GC(10) Pause Young (Normal) (G1 Evacuation Pause) 1038M->49M(2048M) 93.998ms
[2022-04-20T12:04:01.926+0800][gc,cpu      ] GC(10) User=0.12s Sys=0.11s Real=0.09s
[2022-04-20T13:42:52.341+0800][gc,start    ] GC(11) Pause Young (Normal) (G1 Evacuation Pause)
[2022-04-20T13:42:52.341+0800][gc,task     ] GC(11) Using 8 workers of 8 for evacuation
[2022-04-20T13:42:52.428+0800][gc,phases   ] GC(11)   Pre Evacuate Collection Set: 1.8ms
[2022-04-20T13:42:52.428+0800][gc,phases   ] GC(11)   Merge Heap Roots: 0.2ms
[2022-04-20T13:42:52.428+0800][gc,phases   ] GC(11)   Evacuate Collection Set: 80.7ms
[2022-04-20T13:42:52.428+0800][gc,phases   ] GC(11)   Post Evacuate Collection Set: 3.4ms
[2022-04-20T13:42:52.428+0800][gc,phases   ] GC(11)   Other: 2.9ms
[2022-04-20T13:42:52.428+0800][gc,heap     ] GC(11) Eden regions: 990->0(990)
[2022-04-20T13:42:52.428+0800][gc,heap     ] GC(11) Survivor regions: 34->34(128)
[2022-04-20T13:42:52.428+0800][gc,heap     ] GC(11) Old regions: 0->0
[2022-04-20T13:42:52.428+0800][gc,heap     ] GC(11) Archive regions: 0->0
[2022-04-20T13:42:52.428+0800][gc,heap     ] GC(11) Humongous regions: 15->15
[2022-04-20T13:42:52.428+0800][gc,metaspace] GC(11) Metaspace: 80469K(81152K)->80469K(81152K) NonClass: 71754K(72128K)->71754K(72128K) Class: 8714K(9024K)->8714K(9024K)
[2022-04-20T13:42:52.428+0800][gc          ] GC(11) Pause Young (Normal) (G1 Evacuation Pause) 1039M->49M(2048M) 87.509ms
[2022-04-20T13:42:52.428+0800][gc,cpu      ] GC(11) User=0.09s Sys=0.10s Real=0.08s
[2022-04-20T14:44:08.162+0800][gc,start    ] GC(12) Pause Young (Normal) (G1 Evacuation Pause)
[2022-04-20T14:44:08.162+0800][gc,task     ] GC(12) Using 8 workers of 8 for evacuation
[2022-04-20T14:44:08.302+0800][gc,phases   ] GC(12)   Pre Evacuate Collection Set: 2.2ms
[2022-04-20T14:44:08.302+0800][gc,phases   ] GC(12)   Merge Heap Roots: 0.2ms
[2022-04-20T14:44:08.302+0800][gc,phases   ] GC(12)   Evacuate Collection Set: 132.3ms
[2022-04-20T14:44:08.302+0800][gc,phases   ] GC(12)   Post Evacuate Collection Set: 4.6ms
[2022-04-20T14:44:08.302+0800][gc,phases   ] GC(12)   Other: 1.5ms
[2022-04-20T14:44:08.302+0800][gc,heap     ] GC(12) Eden regions: 990->0(989)
[2022-04-20T14:44:08.302+0800][gc,heap     ] GC(12) Survivor regions: 34->35(128)
[2022-04-20T14:44:08.302+0800][gc,heap     ] GC(12) Old regions: 0->0
[2022-04-20T14:44:08.302+0800][gc,heap     ] GC(12) Archive regions: 0->0
[2022-04-20T14:44:08.302+0800][gc,heap     ] GC(12) Humongous regions: 15->15
[2022-04-20T14:44:08.302+0800][gc,metaspace] GC(12) Metaspace: 80480K(81152K)->80480K(81152K) NonClass: 71765K(72128K)->71765K(72128K) Class: 8714K(9024K)->8714K(9024K)
[2022-04-20T14:44:08.302+0800][gc          ] GC(12) Pause Young (Normal) (G1 Evacuation Pause) 1039M->50M(2048M) 140.697ms
[2022-04-20T14:44:08.302+0800][gc,cpu      ] GC(12) User=0.09s Sys=0.14s Real=0.14s
[2022-04-20T16:01:13.290+0800][gc,start    ] GC(13) Pause Young (Normal) (G1 Evacuation Pause)
[2022-04-20T16:01:13.290+0800][gc,task     ] GC(13) Using 8 workers of 8 for evacuation
[2022-04-20T16:01:13.491+0800][gc,phases   ] GC(13)   Pre Evacuate Collection Set: 4.4ms
[2022-04-20T16:01:13.491+0800][gc,phases   ] GC(13)   Merge Heap Roots: 0.7ms
[2022-04-20T16:01:13.491+0800][gc,phases   ] GC(13)   Evacuate Collection Set: 183.8ms
[2022-04-20T16:01:13.491+0800][gc,phases   ] GC(13)   Post Evacuate Collection Set: 10.8ms
[2022-04-20T16:01:13.491+0800][gc,phases   ] GC(13)   Other: 1.6ms
[2022-04-20T16:01:13.491+0800][gc,heap     ] GC(13) Eden regions: 989->0(989)
[2022-04-20T16:01:13.491+0800][gc,heap     ] GC(13) Survivor regions: 35->35(128)
[2022-04-20T16:01:13.491+0800][gc,heap     ] GC(13) Old regions: 0->0
[2022-04-20T16:01:13.491+0800][gc,heap     ] GC(13) Archive regions: 0->0
[2022-04-20T16:01:13.491+0800][gc,heap     ] GC(13) Humongous regions: 15->15
[2022-04-20T16:01:13.491+0800][gc,metaspace] GC(13) Metaspace: 80507K(81216K)->80507K(81216K) NonClass: 71791K(72128K)->71791K(72128K) Class: 8715K(9088K)->8715K(9088K)
[2022-04-20T16:01:13.491+0800][gc          ] GC(13) Pause Young (Normal) (G1 Evacuation Pause) 1039M->50M(2048M) 200.714ms
[2022-04-20T16:01:13.491+0800][gc,cpu      ] GC(13) User=0.11s Sys=0.20s Real=0.20s
[2022-04-20T16:52:34.383+0800][gc,start    ] GC(14) Pause Young (Normal) (G1 Evacuation Pause)
[2022-04-20T16:52:34.384+0800][gc,task     ] GC(14) Using 8 workers of 8 for evacuation
[2022-04-20T16:52:34.632+0800][gc,mmu      ] GC(14) MMU target violated: 201.0ms (200.0ms/201.0ms)
[2022-04-20T16:52:34.632+0800][gc,phases   ] GC(14)   Pre Evacuate Collection Set: 4.0ms
[2022-04-20T16:52:34.632+0800][gc,phases   ] GC(14)   Merge Heap Roots: 0.6ms
[2022-04-20T16:52:34.632+0800][gc,phases   ] GC(14)   Evacuate Collection Set: 226.6ms
[2022-04-20T16:52:34.632+0800][gc,phases   ] GC(14)   Post Evacuate Collection Set: 15.9ms
[2022-04-20T16:52:34.632+0800][gc,phases   ] GC(14)   Other: 2.7ms
[2022-04-20T16:52:34.632+0800][gc,heap     ] GC(14) Eden regions: 989->0(989)
[2022-04-20T16:52:34.632+0800][gc,heap     ] GC(14) Survivor regions: 35->35(128)
[2022-04-20T16:52:34.632+0800][gc,heap     ] GC(14) Old regions: 0->0
[2022-04-20T16:52:34.632+0800][gc,heap     ] GC(14) Archive regions: 0->0
[2022-04-20T16:52:34.632+0800][gc,heap     ] GC(14) Humongous regions: 15->15
[2022-04-20T16:52:34.632+0800][gc,metaspace] GC(14) Metaspace: 80568K(81344K)->80568K(81344K) NonClass: 71848K(72256K)->71848K(72256K) Class: 8719K(9088K)->8719K(9088K)
[2022-04-20T16:52:34.632+0800][gc          ] GC(14) Pause Young (Normal) (G1 Evacuation Pause) 1039M->49M(2048M) 249.172ms
[2022-04-20T16:52:34.633+0800][gc,cpu      ] GC(14) User=0.12s Sys=0.24s Real=0.25s
[2022-04-20T17:40:57.912+0800][gc,start    ] GC(15) Pause Young (Normal) (G1 Evacuation Pause)
[2022-04-20T17:40:57.915+0800][gc,task     ] GC(15) Using 8 workers of 8 for evacuation
[2022-04-20T17:40:58.057+0800][gc,phases   ] GC(15)   Pre Evacuate Collection Set: 4.1ms
[2022-04-20T17:40:58.057+0800][gc,phases   ] GC(15)   Merge Heap Roots: 0.7ms
[2022-04-20T17:40:58.057+0800][gc,phases   ] GC(15)   Evacuate Collection Set: 123.2ms
[2022-04-20T17:40:58.057+0800][gc,phases   ] GC(15)   Post Evacuate Collection Set: 13.6ms
[2022-04-20T17:40:58.057+0800][gc,phases   ] GC(15)   Other: 6.6ms
[2022-04-20T17:40:58.057+0800][gc,heap     ] GC(15) Eden regions: 989->0(997)
[2022-04-20T17:40:58.058+0800][gc,heap     ] GC(15) Survivor regions: 35->27(128)
[2022-04-20T17:40:58.058+0800][gc,heap     ] GC(15) Old regions: 0->9
[2022-04-20T17:40:58.058+0800][gc,heap     ] GC(15) Archive regions: 0->0
[2022-04-20T17:40:58.058+0800][gc,heap     ] GC(15) Humongous regions: 15->15
[2022-04-20T17:40:58.058+0800][gc,metaspace] GC(15) Metaspace: 80606K(81344K)->80606K(81344K) NonClass: 71886K(72256K)->71886K(72256K) Class: 8719K(9088K)->8719K(9088K)
[2022-04-20T17:40:58.058+0800][gc          ] GC(15) Pause Young (Normal) (G1 Evacuation Pause) 1038M->50M(2048M) 145.532ms
[2022-04-20T17:40:58.058+0800][gc,cpu      ] GC(15) User=0.09s Sys=0.13s Real=0.14s
[2022-04-20T18:31:41.981+0800][gc,start    ] GC(16) Pause Young (Normal) (G1 Evacuation Pause)
[2022-04-20T18:31:41.982+0800][gc,task     ] GC(16) Using 8 workers of 8 for evacuation
[2022-04-20T18:31:42.049+0800][gc,phases   ] GC(16)   Pre Evacuate Collection Set: 4.1ms
[2022-04-20T18:31:42.049+0800][gc,phases   ] GC(16)   Merge Heap Roots: 0.6ms
[2022-04-20T18:31:42.049+0800][gc,phases   ] GC(16)   Evacuate Collection Set: 58.3ms
[2022-04-20T18:31:42.049+0800][gc,phases   ] GC(16)   Post Evacuate Collection Set: 2.6ms
[2022-04-20T18:31:42.049+0800][gc,phases   ] GC(16)   Other: 2.2ms
[2022-04-20T18:31:42.049+0800][gc,heap     ] GC(16) Eden regions: 997->0(1012)
[2022-04-20T18:31:42.049+0800][gc,heap     ] GC(16) Survivor regions: 27->12(128)
[2022-04-20T18:31:42.049+0800][gc,heap     ] GC(16) Old regions: 9->24
[2022-04-20T18:31:42.049+0800][gc,heap     ] GC(16) Archive regions: 0->0
[2022-04-20T18:31:42.049+0800][gc,heap     ] GC(16) Humongous regions: 15->15
[2022-04-20T18:31:42.049+0800][gc,metaspace] GC(16) Metaspace: 80621K(81344K)->80621K(81344K) NonClass: 71901K(72256K)->71901K(72256K) Class: 8719K(9088K)->8719K(9088K)
[2022-04-20T18:31:42.049+0800][gc          ] GC(16) Pause Young (Normal) (G1 Evacuation Pause) 1047M->50M(2048M) 67.517ms
[2022-04-20T18:31:42.049+0800][gc,cpu      ] GC(16) User=0.05s Sys=0.08s Real=0.06s
[2022-04-20T19:37:38.084+0800][gc,start    ] GC(17) Pause Young (Normal) (G1 Evacuation Pause)
[2022-04-20T19:37:38.085+0800][gc,task     ] GC(17) Using 8 workers of 8 for evacuation
[2022-04-20T19:37:38.194+0800][gc,phases   ] GC(17)   Pre Evacuate Collection Set: 17.2ms
[2022-04-20T19:37:38.194+0800][gc,phases   ] GC(17)   Merge Heap Roots: 2.3ms
[2022-04-20T19:37:38.194+0800][gc,phases   ] GC(17)   Evacuate Collection Set: 80.5ms
[2022-04-20T19:37:38.201+0800][gc,phases   ] GC(17)   Post Evacuate Collection Set: 8.7ms
[2022-04-20T19:37:38.201+0800][gc,phases   ] GC(17)   Other: 1.8ms
[2022-04-20T19:37:38.201+0800][gc,heap     ] GC(17) Eden regions: 1012->0(1003)
[2022-04-20T19:37:38.201+0800][gc,heap     ] GC(17) Survivor regions: 12->21(128)
[2022-04-20T19:37:38.201+0800][gc,heap     ] GC(17) Old regions: 24->32
[2022-04-20T19:37:38.201+0800][gc,heap     ] GC(17) Archive regions: 0->0
[2022-04-20T19:37:38.201+0800][gc,heap     ] GC(17) Humongous regions: 409->405
[2022-04-20T19:37:38.201+0800][gc,metaspace] GC(17) Metaspace: 80782K(81472K)->80782K(81472K) NonClass: 72055K(72384K)->72055K(72384K) Class: 8726K(9088K)->8726K(9088K)
[2022-04-20T19:37:38.201+0800][gc          ] GC(17) Pause Young (Normal) (G1 Evacuation Pause) 1456M->457M(2048M) 116.984ms
[2022-04-20T19:37:38.201+0800][gc,cpu      ] GC(17) User=0.06s Sys=0.12s Real=0.12s
[2022-04-20T21:20:44.648+0800][gc,start    ] GC(18) Pause Young (Normal) (G1 Evacuation Pause)
[2022-04-20T21:20:44.649+0800][gc,task     ] GC(18) Using 8 workers of 8 for evacuation
[2022-04-20T21:20:44.685+0800][gc,phases   ] GC(18)   Pre Evacuate Collection Set: 3.3ms
[2022-04-20T21:20:44.685+0800][gc,phases   ] GC(18)   Merge Heap Roots: 0.6ms
[2022-04-20T21:20:44.685+0800][gc,phases   ] GC(18)   Evacuate Collection Set: 27.5ms
[2022-04-20T21:20:44.685+0800][gc,phases   ] GC(18)   Post Evacuate Collection Set: 3.5ms
[2022-04-20T21:20:44.685+0800][gc,phases   ] GC(18)   Other: 1.8ms
[2022-04-20T21:20:44.685+0800][gc,heap     ] GC(18) Eden regions: 1003->0(1003)
[2022-04-20T21:20:44.685+0800][gc,heap     ] GC(18) Survivor regions: 21->21(128)
[2022-04-20T21:20:44.685+0800][gc,heap     ] GC(18) Old regions: 32->34
[2022-04-20T21:20:44.685+0800][gc,heap     ] GC(18) Archive regions: 0->0
[2022-04-20T21:20:44.685+0800][gc,heap     ] GC(18) Humongous regions: 405->405
[2022-04-20T21:20:44.685+0800][gc,metaspace] GC(18) Metaspace: 80790K(81472K)->80790K(81472K) NonClass: 72064K(72384K)->72064K(72384K) Class: 8726K(9088K)->8726K(9088K)
[2022-04-20T21:20:44.685+0800][gc          ] GC(18) Pause Young (Normal) (G1 Evacuation Pause) 1460M->459M(2048M) 36.760ms
[2022-04-20T21:20:44.685+0800][gc,cpu      ] GC(18) User=0.04s Sys=0.04s Real=0.04s
[2022-04-20T23:21:33.255+0800][gc,start    ] GC(19) Pause Young (Normal) (G1 Evacuation Pause)
[2022-04-20T23:21:33.255+0800][gc,task     ] GC(19) Using 8 workers of 8 for evacuation
[2022-04-20T23:21:33.301+0800][gc,phases   ] GC(19)   Pre Evacuate Collection Set: 8.8ms
[2022-04-20T23:21:33.301+0800][gc,phases   ] GC(19)   Merge Heap Roots: 0.4ms
[2022-04-20T23:21:33.302+0800][gc,phases   ] GC(19)   Evacuate Collection Set: 34.5ms
[2022-04-20T23:21:33.302+0800][gc,phases   ] GC(19)   Post Evacuate Collection Set: 1.8ms
[2022-04-20T23:21:33.302+0800][gc,phases   ] GC(19)   Other: 1.4ms
[2022-04-20T23:21:33.302+0800][gc,heap     ] GC(19) Eden regions: 1003->0(1003)
[2022-04-20T23:21:33.302+0800][gc,heap     ] GC(19) Survivor regions: 21->21(128)
[2022-04-20T23:21:33.302+0800][gc,heap     ] GC(19) Old regions: 34->34
[2022-04-20T23:21:33.302+0800][gc,heap     ] GC(19) Archive regions: 0->0
[2022-04-20T23:21:33.302+0800][gc,heap     ] GC(19) Humongous regions: 405->405
[2022-04-20T23:21:33.302+0800][gc,metaspace] GC(19) Metaspace: 80799K(81472K)->80799K(81472K) NonClass: 72072K(72384K)->72072K(72384K) Class: 8726K(9088K)->8726K(9088K)
[2022-04-20T23:21:33.302+0800][gc          ] GC(19) Pause Young (Normal) (G1 Evacuation Pause) 1462M->459M(2048M) 46.903ms
[2022-04-20T23:21:33.302+0800][gc,cpu      ] GC(19) User=0.03s Sys=0.04s Real=0.05s
[2022-04-21T09:22:52.059+0800][gc,start    ] GC(20) Pause Young (Normal) (G1 Evacuation Pause)
[2022-04-21T09:22:52.059+0800][gc,task     ] GC(20) Using 8 workers of 8 for evacuation
[2022-04-21T09:22:52.078+0800][gc,phases   ] GC(20)   Pre Evacuate Collection Set: 1.6ms
[2022-04-21T09:22:52.078+0800][gc,phases   ] GC(20)   Merge Heap Roots: 0.2ms
[2022-04-21T09:22:52.078+0800][gc,phases   ] GC(20)   Evacuate Collection Set: 14.5ms
[2022-04-21T09:22:52.078+0800][gc,phases   ] GC(20)   Post Evacuate Collection Set: 1.6ms
[2022-04-21T09:22:52.078+0800][gc,phases   ] GC(20)   Other: 1.1ms
[2022-04-21T09:22:52.078+0800][gc,heap     ] GC(20) Eden regions: 1003->0(1004)
[2022-04-21T09:22:52.078+0800][gc,heap     ] GC(20) Survivor regions: 21->20(128)
[2022-04-21T09:22:52.078+0800][gc,heap     ] GC(20) Old regions: 34->35
[2022-04-21T09:22:52.078+0800][gc,heap     ] GC(20) Archive regions: 0->0
[2022-04-21T09:22:52.078+0800][gc,heap     ] GC(20) Humongous regions: 405->405
[2022-04-21T09:22:52.078+0800][gc,metaspace] GC(20) Metaspace: 80812K(81472K)->80812K(81472K) NonClass: 72084K(72384K)->72084K(72384K) Class: 8727K(9088K)->8727K(9088K)
[2022-04-21T09:22:52.078+0800][gc          ] GC(20) Pause Young (Normal) (G1 Evacuation Pause) 1462M->459M(2048M) 19.100ms
[2022-04-21T09:22:52.078+0800][gc,cpu      ] GC(20) User=0.02s Sys=0.03s Real=0.02s
[2022-04-21T10:44:24.801+0800][gc,heap,exit] Heap
[2022-04-21T10:44:24.802+0800][gc,heap,exit]  garbage-first heap   total 2097152K, used 904387K [0x0000000770000000, 0x00000007f0000000)
[2022-04-21T10:44:24.803+0800][gc,heap,exit]   region size 1024K, 445 young (455680K), 20 survivors (20480K)
[2022-04-21T10:44:24.803+0800][gc,heap,exit]  Metaspace       used 81082K, committed 81792K, reserved 335872K
[2022-04-21T10:44:24.804+0800][gc,heap,exit]   class space    used 8745K, committed 9088K, reserved 262144K
