[2022-04-19T14:09:00.496+0800][gc] Using G1
[2022-04-19T14:09:00.500+0800][gc,init] Version: 16.0.1+9 (release)
[2022-04-19T14:09:00.500+0800][gc,init] CPUs: 8 total, 8 available
[2022-04-19T14:09:00.500+0800][gc,init] Memory: 16384M
[2022-04-19T14:09:00.500+0800][gc,init] Large Page Support: Disabled
[2022-04-19T14:09:00.500+0800][gc,init] NUMA Support: Disabled
[2022-04-19T14:09:00.500+0800][gc,init] Compressed Oops: Enabled (Zero based)
[2022-04-19T14:09:00.500+0800][gc,init] Heap Region Size: 1M
[2022-04-19T14:09:00.500+0800][gc,init] Heap Min Capacity: 2G
[2022-04-19T14:09:00.500+0800][gc,init] Heap Initial Capacity: 2G
[2022-04-19T14:09:00.500+0800][gc,init] Heap Max Capacity: 2G
[2022-04-19T14:09:00.500+0800][gc,init] Pre-touch: Disabled
[2022-04-19T14:09:00.500+0800][gc,init] Parallel Workers: 8
[2022-04-19T14:09:00.500+0800][gc,init] Concurrent Workers: 2
[2022-04-19T14:09:00.500+0800][gc,init] Concurrent Refinement Workers: 8
[2022-04-19T14:09:00.500+0800][gc,init] Periodic GC: Disabled
[2022-04-19T14:09:00.500+0800][gc,metaspace] Compressed class space mapped at: 0x0000000300000000-0x0000000310000000, reserved size: 268435456
[2022-04-19T14:09:00.500+0800][gc,metaspace] Narrow klass base: 0x0000000000000000, Narrow klass shift: 3, Narrow klass range: 0x310000000
[2022-04-19T14:09:02.602+0800][gc,start    ] GC(0) Pause Young (Normal) (G1 Evacuation Pause)
[2022-04-19T14:09:02.602+0800][gc,task     ] GC(0) Using 8 workers of 8 for evacuation
[2022-04-19T14:09:02.609+0800][gc,phases   ] GC(0)   Pre Evacuate Collection Set: 0.1ms
[2022-04-19T14:09:02.609+0800][gc,phases   ] GC(0)   Merge Heap Roots: 0.1ms
[2022-04-19T14:09:02.609+0800][gc,phases   ] GC(0)   Evacuate Collection Set: 6.2ms
[2022-04-19T14:09:02.609+0800][gc,phases   ] GC(0)   Post Evacuate Collection Set: 0.9ms
[2022-04-19T14:09:02.609+0800][gc,phases   ] GC(0)   Other: 0.3ms
[2022-04-19T14:09:02.609+0800][gc,heap     ] GC(0) Eden regions: 1024->0(1011)
[2022-04-19T14:09:02.609+0800][gc,heap     ] GC(0) Survivor regions: 0->13(128)
[2022-04-19T14:09:02.609+0800][gc,heap     ] GC(0) Old regions: 0->0
[2022-04-19T14:09:02.609+0800][gc,heap     ] GC(0) Archive regions: 0->0
[2022-04-19T14:09:02.609+0800][gc,heap     ] GC(0) Humongous regions: 0->0
[2022-04-19T14:09:02.609+0800][gc,metaspace] GC(0) Metaspace: 31848K(32256K)->31848K(32256K) NonClass: 28300K(28544K)->28300K(28544K) Class: 3547K(3712K)->3547K(3712K)
[2022-04-19T14:09:02.609+0800][gc          ] GC(0) Pause Young (Normal) (G1 Evacuation Pause) 1024M->12M(2048M) 7.759ms
[2022-04-19T14:09:02.609+0800][gc,cpu      ] GC(0) User=0.04s Sys=0.01s Real=0.00s
[2022-04-19T14:09:05.330+0800][gc,start    ] GC(1) Pause Young (Normal) (G1 Evacuation Pause)
[2022-04-19T14:09:05.330+0800][gc,task     ] GC(1) Using 8 workers of 8 for evacuation
[2022-04-19T14:09:05.346+0800][gc,phases   ] GC(1)   Pre Evacuate Collection Set: 0.3ms
[2022-04-19T14:09:05.346+0800][gc,phases   ] GC(1)   Merge Heap Roots: 0.1ms
[2022-04-19T14:09:05.346+0800][gc,phases   ] GC(1)   Evacuate Collection Set: 12.3ms
[2022-04-19T14:09:05.346+0800][gc,phases   ] GC(1)   Post Evacuate Collection Set: 2.8ms
[2022-04-19T14:09:05.346+0800][gc,phases   ] GC(1)   Other: 0.4ms
[2022-04-19T14:09:05.346+0800][gc,heap     ] GC(1) Eden regions: 1011->0(992)
[2022-04-19T14:09:05.346+0800][gc,heap     ] GC(1) Survivor regions: 13->32(128)
[2022-04-19T14:09:05.346+0800][gc,heap     ] GC(1) Old regions: 0->0
[2022-04-19T14:09:05.346+0800][gc,heap     ] GC(1) Archive regions: 0->0
[2022-04-19T14:09:05.347+0800][gc,heap     ] GC(1) Humongous regions: 0->0
[2022-04-19T14:09:05.347+0800][gc,metaspace] GC(1) Metaspace: 59062K(59584K)->59062K(59584K) NonClass: 52326K(52608K)->52326K(52608K) Class: 6735K(6976K)->6735K(6976K)
[2022-04-19T14:09:05.347+0800][gc          ] GC(1) Pause Young (Normal) (G1 Evacuation Pause) 1023M->31M(2048M) 16.254ms
[2022-04-19T14:09:05.347+0800][gc,cpu      ] GC(1) User=0.08s Sys=0.01s Real=0.01s
[2022-04-19T14:11:54.892+0800][gc,heap,exit] Heap
[2022-04-19T14:11:54.892+0800][gc,heap,exit]  garbage-first heap   total 2097152K, used 634135K [0x0000000770000000, 0x00000007f0000000)
[2022-04-19T14:11:54.892+0800][gc,heap,exit]   region size 1024K, 614 young (628736K), 32 survivors (32768K)
[2022-04-19T14:11:54.892+0800][gc,heap,exit]  Metaspace       used 73070K, committed 73664K, reserved 335872K
[2022-04-19T14:11:54.892+0800][gc,heap,exit]   class space    used 8392K, committed 8704K, reserved 262144K
